FAILURE: 2025/07/04 15:46:31 Address: 0xB1026b8e7276e7AC75410F1fcbbe21796e8f7526 | Error: failed to fetch initial reserves: multicall network error: failed to unpack call outputs at index [0]: outputs type is not a struct
FAILURE: 2025/07/04 15:46:32 Address: 0xd845f7D4f4DeB9Ff5bCf09D140Ef13718F6f6C71 | Error: failed to fetch initial reserves: multicall network error: failed to unpack call outputs at index [0]: outputs type is not a struct
FAILURE: 2025/07/04 15:46:35 Address: 0xfaE2AE0a9f87FD35b5b0E24B47BAC796A7EEfEa1 | Error: failed to fetch initial reserves: multicall network error: failed to unpack call outputs at index [0]: outputs type is not a struct
FAILURE: 2025/07/04 15:46:36 Address: 0xe51635ae8136aBAc44906A8f230C2D235E9c195F | Error: failed to fetch initial reserves: multicall network error: failed to unpack call outputs at index [0]: outputs type is not a struct
FAILURE: 2025/07/04 15:46:41 Address: 0x3797927e7fc20F13F46b295F8889EA8050cb5e21 | Error: failed to fetch initial reserves: multicall network error: failed to unpack call outputs at index [0]: outputs type is not a struct
FAILURE: 2025/07/04 15:46:42 Address: 0x224Cbc20A8ac043bAc4734200e6c247AB1aB6055 | Error: failed to fetch initial reserves: multicall network error: failed to unpack call outputs at index [0]: outputs type is not a struct
FAILURE: 2025/07/04 15:46:43 Address: 0x3bB96432E65fC2b2C4D0C973F8D55C3FFaFC804E | Error: failed to fetch initial reserves: multicall network error: failed to unpack call outputs at index [0]: outputs type is not a struct
FAILURE: 2025/07/04 15:46:44 Address: 0x9b6FF025AeE245D314c09F57B72f0dE6E231c3a6 | Error: failed to fetch initial reserves: multicall network error: failed to unpack call outputs at index [0]: outputs type is not a struct
FAILURE: 2025/07/04 15:46:48 Address: 0x7CcCBA38E2D959fe135e79AEBB57CCb27B128358 | Error: failed to fetch initial reserves: multicall network error: failed to unpack call outputs at index [0]: outputs type is not a struct
FAILURE: 2025/07/04 15:46:49 Address: 0xbc103bba961501b1b8F85623BB027878C174622f | Error: failed to fetch initial reserves: multicall network error: failed to unpack call outputs at index [0]: outputs type is not a struct
FAILURE: 2025/07/04 15:47:04 Address: 0x36c2C0f4C56A3B5beed4994D4aB67D2C9b7bDF6B | Error: failed to fetch initial reserves: multicall network error: failed to unpack call outputs at index [0]: outputs type is not a struct
FAILURE: 2025/07/04 15:47:09 Address: 0x33DB88eb6A1101185fbccE8014d038b5af0429B4 | Error: failed to fetch initial reserves: multicall network error: failed to unpack call outputs at index [0]: outputs type is not a struct
FAILURE: 2025/07/04 15:47:14 Address: 0x46b66c5ed6789C600df7d3665a0390E4B8696c44 | Error: failed to fetch initial reserves: multicall network error: failed to unpack call outputs at index [0]: outputs type is not a struct
FAILURE: 2025/07/04 15:47:17 Address: 0xCB0E5bFa72bBb4d16AB5aA0c60601c438F04b4ad | Error: failed to fetch initial reserves: multicall network error: failed to unpack call outputs at index [0]: outputs type is not a struct
FAILURE: 2025/07/04 15:47:23 Address: 0x7B7fB83972916FE3A2b3D324B213f55F2C2Dd622 | Error: failed to fetch initial reserves: multicall network error: failed to unpack call outputs at index [0]: outputs type is not a struct
FAILURE: 2025/07/04 15:47:35 Address: 0xa17aFCAb059F3C6751F5B64347b5a503C3291868 | Error: failed to fetch initial reserves: multicall network error: failed to unpack call outputs at index [0]: outputs type is not a struct
FAILURE: 2025/07/04 15:47:56 Address: 0xD554FB4e56b0D5b099c7e3EfF566C920d1002731 | Error: failed to fetch initial reserves: multicall network error: failed to unpack call outputs at index [0]: outputs type is not a struct
FAILURE: 2025/07/04 15:48:02 Address: 0x7652A9AB5EA96881fc3afD2e65cf71fa5abf3188 | Error: failed to fetch initial reserves: multicall network error: failed to unpack call outputs at index [0]: outputs type is not a struct
FAILURE: 2025/07/04 15:48:02 Address: 0xA98e516ED8c66B580aaD6103858B69467dB5F13a | Error: failed to fetch initial reserves: multicall network error: failed to unpack call outputs at index [0]: outputs type is not a struct
FAILURE: 2025/07/04 15:48:02 Address: 0x37C2940De015c022DB795332f4547d7C8CE0a584 | Error: failed to fetch initial reserves: multicall network error: failed to unpack call outputs at index [0]: outputs type is not a struct
FAILURE: 2025/07/04 15:48:03 Address: 0xBfCa4230115DE8341F3A3d5e8845fFb3337B2Be3 | Error: failed to fetch initial reserves: multicall network error: failed to unpack call outputs at index [0]: outputs type is not a struct
FAILURE: 2025/07/04 15:48:04 Address: 0x45FaE8D0D2acE73544baab452f9020925AfCCC75 | Error: failed to fetch initial reserves: multicall network error: failed to unpack call outputs at index [0]: outputs type is not a struct
FAILURE: 2025/07/04 15:48:05 Address: 0x0C93A1D3F68a0554d37F3e7AF3a1442a94405E7A | Error: failed to fetch initial reserves: multicall network error: failed to unpack call outputs at index [0]: outputs type is not a struct
FAILURE: 2025/07/04 15:48:06 Address: 0xB34b3ceF357B4AcabB073cC5bab1C6B6FF29a732 | Error: failed to fetch initial reserves: multicall network error: failed to unpack call outputs at index [0]: outputs type is not a struct
FAILURE: 2025/07/04 15:48:13 Address: 0x4B0495c5F5147051BA5fa025424D393d343d10BF | Error: failed to fetch initial reserves: multicall network error: failed to unpack call outputs at index [0]: outputs type is not a struct
FAILURE: 2025/07/04 15:48:15 Address: 0xc1ad239594c165bd4D8847D281232172a4520818 | Error: failed to fetch initial reserves: multicall network error: failed to unpack call outputs at index [0]: outputs type is not a struct
FAILURE: 2025/07/04 15:48:19 Address: 0x081746d8AAE4f7A84d04cb1E1D051169a6B74f83 | Error: failed to fetch initial reserves: multicall network error: failed to unpack call outputs at index [0]: outputs type is not a struct
FAILURE: 2025/07/04 15:48:21 Address: 0x982FB80A936113a11006e226fe17e20333359Ce1 | Error: failed to fetch initial reserves: multicall network error: failed to unpack call outputs at index [0]: outputs type is not a struct
FAILURE: 2025/07/04 15:48:28 Address: 0x070342A4B13289FF54881f2068b46b5Fcc7D29cD | Error: failed to fetch initial reserves: multicall network error: failed to unpack call outputs at index [0]: outputs type is not a struct
FAILURE: 2025/07/04 15:48:37 Address: 0xaDF56F4966f965d1759ecD3D63028d610E773817 | Error: failed to fetch initial reserves: multicall network error: failed to unpack call outputs at index [0]: outputs type is not a struct
FAILURE: 2025/07/04 15:49:07 Address: 0x69B545997BD6aBC81CaE39Fe9bdC94d2242a0f92 | Error: failed to fetch initial reserves: multicall network error: failed to unpack call outputs at index [0]: outputs type is not a struct
FAILURE: 2025/07/04 15:49:14 Address: 0xC99be44383BC8d82357F5A1D9ae9976EE9d75bee | Error: failed to fetch initial reserves: multicall network error: failed to unpack call outputs at index [0]: outputs type is not a struct
FAILURE: 2025/07/04 15:49:15 Address: 0xB7E50106A5bd3Cf21AF210A755F9C8740890A8c9 | Error: failed to fetch initial reserves: multicall network error: failed to unpack call outputs at index [0]: outputs type is not a struct
FAILURE: 2025/07/04 15:49:28 Address: 0x521aa84ab3fcc4c05cABaC24Dc3682339887B126 | Error: failed to fetch initial reserves: multicall network error: failed to unpack call outputs at index [0]: outputs type is not a struct
FAILURE: 2025/07/04 15:49:38 Address: 0xaA45265A94C93802BE9511E426933239117E658f | Error: failed to fetch initial reserves: multicall network error: failed to unpack call outputs at index [0]: outputs type is not a struct
FAILURE: 2025/07/04 15:50:15 Address: 0x02bE4f98FC9Ee4F612a139D84494CBf6c6c7F97f | Error: failed to fetch initial reserves: multicall network error: failed to unpack call outputs at index [0]: outputs type is not a struct
FAILURE: 2025/07/04 15:50:36 Address: 0xFdbC02a3580e61B44085acc951d28591B886a5b4 | Error: failed to fetch initial reserves: multicall network error: failed to unpack call outputs at index [0]: outputs type is not a struct
FAILURE: 2025/07/04 15:50:40 Address: 0xb355ccE5CBAF411bd56e3b092F5AA10A894083ae | Error: failed to fetch initial reserves: multicall network error: failed to unpack call outputs at index [0]: outputs type is not a struct
FAILURE: 2025/07/04 15:50:43 Address: 0xB4752B59DCE5f1Fe0F45ef5Aa9E1AD1EeF9AB927 | Error: multicall failed: execution reverted: Multicall3: call failed
FAILURE: 2025/07/04 15:50:45 Address: 0x3c6eF5Ed8ad5DF0d5e3D05C6e607c60F987fB735 | Error: multicall failed: execution reverted: Multicall3: call failed
FAILURE: 2025/07/04 15:50:45 Address: 0xE8E1714Cbc0E4C35f9d28151C227Bc437f1b159a | Error: failed to fetch initial reserves: multicall network error: failed to unpack call outputs at index [0]: outputs type is not a struct
FAILURE: 2025/07/04 15:50:46 Address: 0x17F74f88D2283C7c6DDB0f7CC6CF581E134812A5 | Error: failed to fetch initial reserves: multicall network error: failed to unpack call outputs at index [0]: outputs type is not a struct
FAILURE: 2025/07/04 15:50:47 Address: 0xe8795cF9c2309eCfe05Df028eB0F21D5D6e3a951 | Error: failed to fetch initial reserves: multicall network error: failed to unpack call outputs at index [0]: outputs type is not a struct
FAILURE: 2025/07/04 15:50:47 Address: 0x0f143FC50d6c71Fee95D6Ec1030e62D788507b84 | Error: failed to fetch initial reserves: multicall network error: failed to unpack call outputs at index [0]: outputs type is not a struct
FAILURE: 2025/07/04 15:50:51 Address: 0x39511b74722afE77d532Eb70632B4B59C559019b | Error: failed to fetch initial reserves: multicall network error: failed to unpack call outputs at index [0]: outputs type is not a struct
FAILURE: 2025/07/04 15:50:53 Address: 0x63c9282F2d72aEB221c4a5f2Db10dFb900A4Cba9 | Error: failed to fetch initial reserves: multicall network error: failed to unpack call outputs at index [0]: outputs type is not a struct
FAILURE: 2025/07/04 15:50:54 Address: 0xA688899fEd3e2ceE02747a8193Ab38F6BE595070 | Error: failed to fetch initial reserves: multicall network error: failed to unpack call outputs at index [0]: outputs type is not a struct
FAILURE: 2025/07/04 15:51:08 Address: 0x622B5186384783BB805c12A808cCF07F41DE1Ff0 | Error: failed to fetch initial reserves: multicall network error: failed to unpack call outputs at index [0]: outputs type is not a struct
FAILURE: 2025/07/04 15:51:10 Address: 0x13BC35D101B646Cf1F566f95077E67a9f5b301a3 | Error: failed to fetch initial reserves: multicall network error: failed to unpack call outputs at index [0]: outputs type is not a struct
FAILURE: 2025/07/04 15:51:16 Address: 0x9C99764Ad164360cf85EdA42Fa2F4166B6CBA2A4 | Error: multicall failed: execution reverted: Multicall3: call failed
FAILURE: 2025/07/04 15:51:16 Address: 0xfB4fE921F724f3C7B610a826c827F9F6eCEf6886 | Error: multicall failed: execution reverted: Multicall3: call failed
FAILURE: 2025/07/04 15:51:16 Address: 0x3932192dE4f17DFB94Be031a8458E215A44BF560 | Error: multicall failed: execution reverted: Multicall3: call failed
FAILURE: 2025/07/04 15:51:16 Address: 0x54B26fAf3671677C19F70c4B879A6f7B898F732c | Error: failed to fetch initial reserves: multicall network error: failed to unpack call outputs at index [0]: outputs type is not a struct
FAILURE: 2025/07/04 15:51:19 Address: 0x011f31D20C8778c8Beb1093b73E3A5690Ee6271b | Error: failed to fetch initial reserves: multicall network error: failed to unpack call outputs at index [0]: outputs type is not a struct
FAILURE: 2025/07/04 15:51:20 Address: 0xAA210d9B800eba483333C8F5C4b774478fe51D70 | Error: failed to fetch initial reserves: multicall network error: failed to unpack call outputs at index [0]: outputs type is not a struct
FAILURE: 2025/07/04 15:51:24 Address: 0xDeae1ff5282D83AAdd42f85c57F6e69a037bf7Cd | Error: failed to fetch initial reserves: multicall network error: failed to unpack call outputs at index [0]: outputs type is not a struct
FAILURE: 2025/07/04 15:51:31 Address: 0x53a2cb85d7E7f396818bf912AEAB3b9e8601FA0B | Error: failed to fetch initial reserves: multicall network error: failed to unpack call outputs at index [0]: outputs type is not a struct
FAILURE: 2025/07/04 15:51:32 Address: 0x256899bD2E99C6736B34caF298719Cc709925819 | Error: failed to fetch initial reserves: multicall network error: failed to unpack call outputs at index [0]: outputs type is not a struct
FAILURE: 2025/07/04 15:51:38 Address: 0xd65D8f09E9236E4D4C7833926168a3c092425A6f | Error: failed to fetch initial reserves: multicall network error: failed to unpack call outputs at index [0]: outputs type is not a struct
FAILURE: 2025/07/04 15:51:39 Address: 0x84652bb2539513BAf36e225c930Fdd8eaa63CE27 | Error: failed to fetch initial reserves: multicall network error: failed to unpack call outputs at index [0]: outputs type is not a struct
FAILURE: 2025/07/04 15:51:39 Address: 0xc86Eb7B85807020b4548EE05B54bfC956eEbbfCD | Error: failed to fetch initial reserves: multicall network error: failed to unpack call outputs at index [0]: outputs type is not a struct
FAILURE: 2025/07/04 15:51:39 Address: 0x293DFD996d5cd72Bed712B0EEAb96DBE400c0416 | Error: failed to fetch initial reserves: multicall network error: failed to unpack call outputs at index [0]: outputs type is not a struct
FAILURE: 2025/07/04 15:51:40 Address: 0xca0d72dc8A90Cf375BF4b6C4619006E4E4FA675F | Error: failed to fetch initial reserves: multicall network error: failed to unpack call outputs at index [0]: outputs type is not a struct
FAILURE: 2025/07/04 15:52:12 Address: 0x2C26399DB322c73aBD1F3edC4052C934c9A40594 | Error: failed to fetch initial reserves: multicall network error: failed to unpack call outputs at index [0]: outputs type is not a struct
FAILURE: 2025/07/04 15:52:27 Address: 0x513E300932ffb76f12B33D07e2711B8E0c59fc7C | Error: failed to fetch initial reserves: multicall network error: failed to unpack call outputs at index [0]: outputs type is not a struct
FAILURE: 2025/07/04 15:52:36 Address: 0xc35AA1cEc34E02A8acc3E5f79c22BE364823094c | Error: failed to fetch initial reserves: multicall network error: failed to unpack call outputs at index [0]: outputs type is not a struct
FAILURE: 2025/07/04 15:52:41 Address: 0x27A6A289B2e5dFa0A0473fF9caBe18E0d6Ff072E | Error: failed to fetch initial reserves: multicall network error: failed to unpack call outputs at index [0]: outputs type is not a struct
FAILURE: 2025/07/04 15:53:12 Address: 0x4edAa03fc13F8F13C3290c3728F587760B12e381 | Error: failed to fetch initial reserves: multicall network error: failed to unpack call outputs at index [0]: outputs type is not a struct
FAILURE: 2025/07/04 15:53:12 Address: 0xf4Ce2cd8423d0FD003c4dCeb40F98f46c9d2B587 | Error: multicall failed: execution reverted: Multicall3: call failed
FAILURE: 2025/07/04 15:53:47 Address: 0x12b8bC27Ca8A997680F49d1A6FC1D93D552aacbe | Error: failed to fetch initial reserves: multicall network error: failed to unpack call outputs at index [0]: outputs type is not a struct
FAILURE: 2025/07/04 15:54:10 Address: 0xb1C3D6ac7a388e3ac0A1f00B742C80099578B3b8 | Error: failed to fetch initial reserves: multicall network error: failed to unpack call outputs at index [0]: outputs type is not a struct
FAILURE: 2025/07/04 15:54:11 Address: 0xBa06c51c44E087131249665e31719645641e5268 | Error: failed to fetch initial reserves: multicall network error: failed to unpack call outputs at index [0]: outputs type is not a struct
FAILURE: 2025/07/04 15:54:11 Address: 0x57e53c5530e4166529fbe2Ccae2fA6e4F840682e | Error: failed to fetch initial reserves: multicall network error: failed to unpack call outputs at index [0]: outputs type is not a struct
FAILURE: 2025/07/04 15:54:26 Address: 0xf95f1512cBEcdc658336D26c7db51eCa784789eD | Error: failed to fetch initial reserves: multicall network error: failed to unpack call outputs at index [0]: outputs type is not a struct
FAILURE: 2025/07/04 15:54:26 Address: 0xf9976c787b6A5822e91dCC63383B2Bb16D28C05f | Error: failed to fetch initial reserves: multicall network error: failed to unpack call outputs at index [0]: outputs type is not a struct
FAILURE: 2025/07/04 15:54:27 Address: 0x609b1e93d898Ece4D438D80bcD4e28Ee36b0Da29 | Error: failed to fetch initial reserves: multicall network error: failed to unpack call outputs at index [0]: outputs type is not a struct
FAILURE: 2025/07/04 15:54:42 Address: 0xdc2167F4A5DeC5401EcEFF1CB55C3573A13F24bD | Error: failed to fetch initial reserves: multicall network error: failed to unpack call outputs at index [0]: outputs type is not a struct
FAILURE: 2025/07/04 15:54:42 Address: 0x61F323A49Df21EdDFeB470ceD01Ef1AB414Cc7Cc | Error: failed to fetch initial reserves: multicall network error: failed to unpack call outputs at index [0]: outputs type is not a struct
FAILURE: 2025/07/04 15:54:42 Address: 0x49928CFE5ca3DC4c9E893EDa555AE82a11933D8C | Error: failed to fetch initial reserves: multicall network error: failed to unpack call outputs at index [0]: outputs type is not a struct
FAILURE: 2025/07/04 15:54:43 Address: 0x155F7aC18e7a1C3b4C5Ff96cC18d2692C1CdFb41 | Error: failed to fetch initial reserves: multicall network error: failed to unpack call outputs at index [0]: outputs type is not a struct
FAILURE: 2025/07/04 15:54:43 Address: 0x67d6CbF707FE5747989cB2C3758d101e11459Ea9 | Error: failed to fetch initial reserves: multicall network error: failed to unpack call outputs at index [0]: outputs type is not a struct
FAILURE: 2025/07/04 15:54:44 Address: 0x751F3B8ca139bC1F3482b193297485f14208826a | Error: failed to fetch initial reserves: multicall network error: failed to unpack call outputs at index [0]: outputs type is not a struct
FAILURE: 2025/07/04 15:54:44 Address: 0x5d6BFC8f54a2D9196904e44c3A4Fbcfd62Cb8Ce5 | Error: failed to fetch initial reserves: multicall network error: failed to unpack call outputs at index [0]: outputs type is not a struct
FAILURE: 2025/07/04 15:54:44 Address: 0x308C5B91F63307439FDB51a9fA4Dfc979E2ED6B0 | Error: failed to fetch initial reserves: multicall network error: failed to unpack call outputs at index [0]: outputs type is not a struct
FAILURE: 2025/07/04 15:54:45 Address: 0xf66B8965260Cb265DDf6bFfe70a3da9243B72bad | Error: failed to fetch initial reserves: multicall network error: failed to unpack call outputs at index [0]: outputs type is not a struct
FAILURE: 2025/07/04 15:54:45 Address: 0xF942e32861Ee145963503DdB69fC3B0237F0888C | Error: failed to fetch initial reserves: multicall network error: failed to unpack call outputs at index [0]: outputs type is not a struct
FAILURE: 2025/07/04 15:55:07 Address: 0x5dc6dB4569d4F392E49E6E98CD331a87bDd16bf0 | Error: failed to fetch initial reserves: multicall network error: failed to unpack call outputs at index [0]: outputs type is not a struct
FAILURE: 2025/07/04 15:55:24 Address: 0xBF6CBb1F40a542aF50839CaD01b0dc1747F11e18 | Error: failed to fetch initial reserves: multicall network error: failed to unpack call outputs at index [0]: outputs type is not a struct
FAILURE: 2025/07/04 15:55:35 Address: 0x1E50482e9185D9DAC418768D14b2F2AC2b4DAF39 | Error: multicall failed: execution reverted: Multicall3: call failed
FAILURE: 2025/07/04 15:55:53 Address: 0xc23f308CF1bFA7efFFB592920a619F00990F8D74 | Error: failed to fetch initial reserves: multicall network error: failed to unpack call outputs at index [0]: outputs type is not a struct
FAILURE: 2025/07/04 15:56:18 Address: 0xdEb89DE4bb6ecf5BFeD581EB049308b52d9b2Da7 | Error: failed to fetch initial reserves: multicall network error: failed to unpack call outputs at index [0]: outputs type is not a struct
FAILURE: 2025/07/04 17:16:30 Address: 0xd845f7D4f4DeB9Ff5bCf09D140Ef13718F6f6C71 | Error: PoolTypeChecker contract call failed: no contract code at given address
FAILURE: 2025/07/04 17:16:30 Address: 0x0c3F2A3ADD325EF602a9CaC89412774d029AceA0 | Error: PoolTypeChecker contract call failed: no contract code at given address
FAILURE: 2025/07/04 17:16:30 Address: 0x256899bD2E99C6736B34caF298719Cc709925819 | Error: PoolTypeChecker contract call failed: no contract code at given address
FAILURE: 2025/07/04 17:16:33 Address: 0xa17aFCAb059F3C6751F5B64347b5a503C3291868 | Error: PoolTypeChecker contract call failed: no contract code at given address
FAILURE: 2025/07/04 17:16:38 Address: 0xaDF56F4966f965d1759ecD3D63028d610E773817 | Error: PoolTypeChecker contract call failed: no contract code at given address
FAILURE: 2025/07/04 17:16:40 Address: 0xB1026b8e7276e7AC75410F1fcbbe21796e8f7526 | Error: PoolTypeChecker contract call failed: no contract code at given address
FAILURE: 2025/07/04 17:16:40 Address: 0xe51635ae8136aBAc44906A8f230C2D235E9c195F | Error: PoolTypeChecker contract call failed: no contract code at given address
FAILURE: 2025/07/04 17:16:41 Address: 0xfaE2AE0a9f87FD35b5b0E24B47BAC796A7EEfEa1 | Error: PoolTypeChecker contract call failed: no contract code at given address
FAILURE: 2025/07/04 17:16:46 Address: 0xC99be44383BC8d82357F5A1D9ae9976EE9d75bee | Error: PoolTypeChecker contract call failed: no contract code at given address
FAILURE: 2025/07/04 17:16:48 Address: 0x7CcCBA38E2D959fe135e79AEBB57CCb27B128358 | Error: PoolTypeChecker contract call failed: no contract code at given address
FAILURE: 2025/07/04 17:16:49 Address: 0x45FaE8D0D2acE73544baab452f9020925AfCCC75 | Error: PoolTypeChecker contract call failed: no contract code at given address
FAILURE: 2025/07/04 17:16:52 Address: 0xA888bb9ac9F07d88C029AF893b17581d7a36C9C3 | Error: PoolTypeChecker contract call failed: no contract code at given address
FAILURE: 2025/07/04 17:16:53 Address: 0xF0030345F2bc6b6402DfB457a2d708e0128eA455 | Error: PoolTypeChecker contract call failed: no contract code at given address
FAILURE: 2025/07/04 17:16:54 Address: 0xc86Eb7B85807020b4548EE05B54bfC956eEbbfCD | Error: PoolTypeChecker contract call failed: no contract code at given address
FAILURE: 2025/07/04 17:17:08 Address: 0x90Ad8C666F4CE24C822e6ead6b54F3BE96351048 | Error: PoolTypeChecker contract call failed: no contract code at given address
FAILURE: 2025/07/04 17:17:08 Address: 0x3bB96432E65fC2b2C4D0C973F8D55C3FFaFC804E | Error: PoolTypeChecker contract call failed: no contract code at given address
FAILURE: 2025/07/04 17:17:21 Address: 0x3797927e7fc20F13F46b295F8889EA8050cb5e21 | Error: PoolTypeChecker contract call failed: no contract code at given address
FAILURE: 2025/07/04 17:17:24 Address: 0xf625Aa990FB5756F5A70e3d010425BF481bCD63D | Error: PoolTypeChecker contract call failed: no contract code at given address
FAILURE: 2025/07/04 17:17:27 Address: 0xA59bd260F9707EA44551c510F714cCD482Ec75D8 | Error: PoolTypeChecker contract call failed: no contract code at given address
FAILURE: 2025/07/04 17:17:44 Address: 0x83F210dDa8D968094a8ea2a27E2A16D2b364c78A | Error: PoolTypeChecker contract call failed: no contract code at given address
FAILURE: 2025/07/04 17:17:45 Address: 0xBF6CBb1F40a542aF50839CaD01b0dc1747F11e18 | Error: PoolTypeChecker contract call failed: no contract code at given address
FAILURE: 2025/07/04 17:17:47 Address: 0x9eFf602fCcB1dCc03Cbfa0E3837ef40F2c3E276B | Error: PoolTypeChecker contract call failed: no contract code at given address
FAILURE: 2025/07/04 17:17:51 Address: 0xac70bD92F89e6739B3a08Db9B6081a923912f73D | Error: PoolTypeChecker contract call failed: no contract code at given address
FAILURE: 2025/07/04 17:17:51 Address: 0xab007665A4dFD24830f0ca19206F9fBd7c3Aa85F | Error: PoolTypeChecker contract call failed: no contract code at given address
FAILURE: 2025/07/04 17:17:55 Address: 0x3Cf4Cb6Ce8CF3b147E6c444CF66526F5F0c16B92 | Error: PoolTypeChecker contract call failed: no contract code at given address
FAILURE: 2025/07/04 17:17:58 Address: 0xB34b3ceF357B4AcabB073cC5bab1C6B6FF29a732 | Error: PoolTypeChecker contract call failed: no contract code at given address
FAILURE: 2025/07/04 17:18:09 Address: 0x4832e0a194281d1ffE464C654E4E938f642DD362 | Error: PoolTypeChecker contract call failed: no contract code at given address
FAILURE: 2025/07/04 17:18:09 Address: 0x103B03051Bf073c44DECfAF8dFd12275254AB97E | Error: PoolTypeChecker contract call failed: no contract code at given address
FAILURE: 2025/07/04 17:18:09 Address: 0x7B7fB83972916FE3A2b3D324B213f55F2C2Dd622 | Error: PoolTypeChecker contract call failed: no contract code at given address
FAILURE: 2025/07/04 17:18:11 Address: 0x92c63d0e701CAAe670C9415d91C474F686298f00 | Error: PoolTypeChecker contract call failed: no contract code at given address
FAILURE: 2025/07/04 17:18:14 Address: 0xa6c5C7D189fA4eB5Af8ba34E63dCDD3a635D433f | Error: PoolTypeChecker contract call failed: no contract code at given address
FAILURE: 2025/07/04 17:18:17 Address: 0x2d17EbAdaEfC0B99E38C79B015EacE06277e8906 | Error: PoolTypeChecker contract call failed: no contract code at given address
FAILURE: 2025/07/04 17:18:17 Address: 0x39511b74722afE77d532Eb70632B4B59C559019b | Error: PoolTypeChecker contract call failed: no contract code at given address
FAILURE: 2025/07/04 17:18:17 Address: 0x99543bF98Ca1830Aa20d3Eb12c1b9962f8eaDC11 | Error: PoolTypeChecker contract call failed: no contract code at given address
FAILURE: 2025/07/04 17:18:17 Address: 0x72fFa9F2bF5DAF384952513AC6aa41e25DD5c713 | Error: PoolTypeChecker contract call failed: no contract code at given address
FAILURE: 2025/07/04 17:18:22 Address: 0x4fD47e5102DFBF95541F64ED6FE13d4eD26D2546 | Error: PoolTypeChecker contract call failed: no contract code at given address
FAILURE: 2025/07/04 17:18:23 Address: 0xB12f8B99922D810d6A653dF96474201e018B8d78 | Error: PoolTypeChecker contract call failed: no contract code at given address
FAILURE: 2025/07/04 17:18:24 Address: 0x8BfAa6260FF474536f2f76EFdB4A2A782f98C798 | Error: PoolTypeChecker contract call failed: no contract code at given address
FAILURE: 2025/07/04 17:18:25 Address: 0x689C96ceAb93f5E131631D225D75DeA3fD37747E | Error: PoolTypeChecker contract call failed: no contract code at given address
FAILURE: 2025/07/04 17:18:28 Address: 0x4eeeE2B068B9b5b34115EEfdBa6e9CeEE73E565F | Error: PoolTypeChecker contract call failed: no contract code at given address
FAILURE: 2025/07/04 17:18:29 Address: 0x3dA7FE3f0eD5c8e82A6E5b046C635274912a5db0 | Error: PoolTypeChecker contract call failed: no contract code at given address
FAILURE: 2025/07/04 17:18:41 Address: 0xC74D1E72546B55eAD65c29Cf597d5d6eF82a5e69 | Error: PoolTypeChecker contract call failed: no contract code at given address
FAILURE: 2025/07/04 17:18:46 Address: 0xB3942c9FFA04efBC1Fa746e146bE7565c76E3dC1 | Error: PoolTypeChecker contract call failed: no contract code at given address
FAILURE: 2025/07/04 17:18:54 Address: 0x12b8bC27Ca8A997680F49d1A6FC1D93D552aacbe | Error: PoolTypeChecker contract call failed: no contract code at given address
FAILURE: 2025/07/04 17:18:59 Address: 0x0C93A1D3F68a0554d37F3e7AF3a1442a94405E7A | Error: PoolTypeChecker contract call failed: no contract code at given address
FAILURE: 2025/07/04 17:19:11 Address: 0xb08749252270166FeB2587a0D7FE5B5D5a1813Fc | Error: PoolTypeChecker contract call failed: no contract code at given address
FAILURE: 2025/07/04 17:19:21 Address: 0x5648920712Da0548D95072155CDB41c152275156 | Error: PoolTypeChecker contract call failed: no contract code at given address
FAILURE: 2025/07/04 17:19:24 Address: 0x9b6FF025AeE245D314c09F57B72f0dE6E231c3a6 | Error: PoolTypeChecker contract call failed: no contract code at given address
FAILURE: 2025/07/04 17:19:46 Address: 0xA74eCeAE9c7670b019e0890881598b4C398D1c01 | Error: PoolTypeChecker contract call failed: no contract code at given address
FAILURE: 2025/07/04 17:19:47 Address: 0xC10eF6416f8101802ce3FfCf5C2995d1044a40B6 | Error: PoolTypeChecker contract call failed: no contract code at given address
FAILURE: 2025/07/04 17:19:48 Address: 0x011f31D20C8778c8Beb1093b73E3A5690Ee6271b | Error: PoolTypeChecker contract call failed: no contract code at given address
FAILURE: 2025/07/04 17:19:48 Address: 0x1797538dd80c041cC2F0C5901D5700868186A9a8 | Error: PoolTypeChecker contract call failed: no contract code at given address
FAILURE: 2025/07/04 17:19:48 Address: 0x105ba85d9047dAF3f9FE941D8188d4b9A6900388 | Error: PoolTypeChecker contract call failed: no contract code at given address
FAILURE: 2025/07/04 17:19:49 Address: 0x15E444da5b343c5A0931f5d3e85D158d1efC3D40 | Error: PoolTypeChecker contract call failed: no contract code at given address
FAILURE: 2025/07/04 17:19:49 Address: 0x521aa84ab3fcc4c05cABaC24Dc3682339887B126 | Error: PoolTypeChecker contract call failed: no contract code at given address
FAILURE: 2025/07/04 17:19:49 Address: 0x268bDa82c5313E0725fa782155F426E3fF2c1D11 | Error: PoolTypeChecker contract call failed: no contract code at given address
FAILURE: 2025/07/04 17:19:54 Address: 0x3a9Eda17cDEb285e710eEFD7A7F742BdBe183a2F | Error: PoolTypeChecker contract call failed: no contract code at given address
FAILURE: 2025/07/04 17:20:05 Address: 0x18962FA755728c175baEf8F22c556Bc95AAd44Bc | Error: PoolTypeChecker contract call failed: no contract code at given address
FAILURE: 2025/07/04 17:20:17 Address: 0xdEb89DE4bb6ecf5BFeD581EB049308b52d9b2Da7 | Error: PoolTypeChecker contract call failed: no contract code at given address
FAILURE: 2025/07/04 17:20:33 Address: 0x63B4D1604F42E0Eb11070Ed9883C1eA59CEDAB70 | Error: PoolTypeChecker contract call failed: no contract code at given address
FAILURE: 2025/07/04 17:20:33 Address: 0xafE909b1A5ed90d36f9eE1490fCB855645C00EB3 | Error: PoolTypeChecker contract call failed: no contract code at given address
FAILURE: 2025/07/04 17:20:33 Address: 0x12EEBA3023f272E0e477eb56204E405eC092D609 | Error: PoolTypeChecker contract call failed: no contract code at given address
FAILURE: 2025/07/04 17:20:33 Address: 0x89A4026E9aDE251C67b7fb38054931a39936D9C5 | Error: PoolTypeChecker contract call failed: no contract code at given address
FAILURE: 2025/07/04 17:20:37 Address: 0x5dc6dB4569d4F392E49E6E98CD331a87bDd16bf0 | Error: PoolTypeChecker contract call failed: no contract code at given address
FAILURE: 2025/07/04 17:20:55 Address: 0xfa1cC0caE7779B214B1112322A2d1Cf0B511C3bC | Error: PoolTypeChecker contract call failed: no contract code at given address
FAILURE: 2025/07/04 17:21:03 Address: 0x513E300932ffb76f12B33D07e2711B8E0c59fc7C | Error: PoolTypeChecker contract call failed: no contract code at given address
FAILURE: 2025/07/04 17:21:05 Address: 0x8d11274ddeB8b141a24cA8a36c63699214E0D221 | Error: PoolTypeChecker contract call failed: no contract code at given address
FAILURE: 2025/07/04 17:21:08 Address: 0xE5757C7Db63f1e2f119a9335351741EC2B27B14B | Error: PoolTypeChecker contract call failed: no contract code at given address
FAILURE: 2025/07/04 17:21:08 Address: 0x18Aa3faEEdB077Aa604D748587093ADcc9c5172B | Error: PoolTypeChecker contract call failed: no contract code at given address
FAILURE: 2025/07/04 17:21:14 Address: 0x5e27A422ec06A57567a843FD65A1BBB06aC19FC0 | Error: PoolTypeChecker contract call failed: no contract code at given address
FAILURE: 2025/07/04 17:21:19 Address: 0x7dfaE4316F3E5758863A056B5b4C8bE63C69915E | Error: PoolTypeChecker contract call failed: no contract code at given address
FAILURE: 2025/07/04 17:21:20 Address: 0x3d7412e255c04239285cAd57f82220D07D6874B0 | Error: PoolTypeChecker contract call failed: no contract code at given address
FAILURE: 2025/07/04 17:21:29 Address: 0x197DA8cA3f39313624E33A506e1F93EDDb2CFA03 | Error: PoolTypeChecker contract call failed: no contract code at given address
FAILURE: 2025/07/04 17:21:42 Address: 0x7890B9ACf7d5d0Fb77109D01AF44FaFfC1d4Aa16 | Error: PoolTypeChecker contract call failed: no contract code at given address
FAILURE: 2025/07/04 17:21:42 Address: 0x00C8E9500f32237bEEcfc8179ae064606d457577 | Error: PoolTypeChecker contract call failed: no contract code at given address
FAILURE: 2025/07/04 17:21:46 Address: 0x1E50482e9185D9DAC418768D14b2F2AC2b4DAF39 | Error: PoolTypeChecker contract call failed: no contract code at given address
FAILURE: 2025/07/04 17:21:53 Address: 0x1944AC04bD9FED9a2BcDB38b70C35949c864ec35 | Error: PoolTypeChecker contract call failed: no contract code at given address
FAILURE: 2025/07/04 17:21:54 Address: 0x4Da74a33A04551554f6405619DC4e7b71E3E8C9b | Error: PoolTypeChecker contract call failed: no contract code at given address
FAILURE: 2025/07/04 17:22:16 Address: 0x982FB80A936113a11006e226fe17e20333359Ce1 | Error: PoolTypeChecker contract call failed: no contract code at given address
FAILURE: 2025/07/04 17:23:35 Address: 0x27A6A289B2e5dFa0A0473fF9caBe18E0d6Ff072E | Error: PoolTypeChecker contract call failed: no contract code at given address
FAILURE: 2025/07/04 17:23:40 Address: 0xc1ad239594c165bd4D8847D281232172a4520818 | Error: PoolTypeChecker contract call failed: no contract code at given address
FAILURE: 2025/07/04 17:23:41 Address: 0x913398d79438e8D709211cFC3DC8566F6C67e1A8 | Error: PoolTypeChecker contract call failed: no contract code at given address
FAILURE: 2025/07/04 17:23:45 Address: 0x801FB599768B052F0220572137E554f26fc820E0 | Error: PoolTypeChecker contract call failed: no contract code at given address
FAILURE: 2025/07/04 17:23:45 Address: 0xEb4239aac41a62A695D8DBddaE268d785e308DC1 | Error: PoolTypeChecker contract call failed: no contract code at given address
FAILURE: 2025/07/04 17:24:03 Address: 0x7f153bDd5328Ad8e30127A1bF2E5530bED33427A | Error: PoolTypeChecker contract call failed: no contract code at given address
FAILURE: 2025/07/04 17:24:07 Address: 0x98E4104DE09F4dA0529a6760Ada3f310fE7eebA6 | Error: PoolTypeChecker contract call failed: no contract code at given address
FAILURE: 2025/07/04 17:24:38 Address: 0x0A4f9962e24893a4a7567E52C1Ce37D5482365de | Error: PoolTypeChecker contract call failed: no contract code at given address
FAILURE: 2025/07/04 17:24:38 Address: 0x4603f4c894c2b21d1473682114106955a1605e91 | Error: PoolTypeChecker contract call failed: no contract code at given address
FAILURE: 2025/07/04 17:24:43 Address: 0xbe3B9c3700171183b2B3F827D8833212d0197a96 | Error: PoolTypeChecker contract call failed: no contract code at given address
FAILURE: 2025/07/04 17:26:20 Address: 0x6A78E84FA0edAD4D99eB90edc041CdbF85925961 | Error: PoolTypeChecker contract call failed: no contract code at given address
FAILURE: 2025/07/04 17:26:20 Address: 0x081746d8AAE4f7A84d04cb1E1D051169a6B74f83 | Error: PoolTypeChecker contract call failed: no contract code at given address
FAILURE: 2025/07/04 17:26:21 Address: 0x7E0A6013B8f15209491e021e394271b9D3Ee5B68 | Error: PoolTypeChecker contract call failed: no contract code at given address
FAILURE: 2025/07/04 17:26:23 Address: 0x23D17764F41AEa93fdbb5beffA83571f0bF3f8b2 | Error: PoolTypeChecker contract call failed: no contract code at given address
FAILURE: 2025/07/04 17:26:26 Address: 0xDfA19e743421C394d904f5a113121c2227d2364b | Error: PoolTypeChecker contract call failed: no contract code at given address
FAILURE: 2025/07/04 17:26:27 Address: 0xCB0E5bFa72bBb4d16AB5aA0c60601c438F04b4ad | Error: PoolTypeChecker contract call failed: no contract code at given address
FAILURE: 2025/07/04 17:26:30 Address: 0x0f143FC50d6c71Fee95D6Ec1030e62D788507b84 | Error: PoolTypeChecker contract call failed: no contract code at given address
FAILURE: 2025/07/04 17:27:19 Address: 0xDeae1ff5282D83AAdd42f85c57F6e69a037bf7Cd | Error: PoolTypeChecker contract call failed: no contract code at given address
FAILURE: 2025/07/04 17:27:20 Address: 0xB658eE5c63922d2852f24458efFA2Bfa2cBA3574 | Error: PoolTypeChecker contract call failed: no contract code at given address
FAILURE: 2025/07/04 17:27:33 Address: 0xC9da32C3b444F15412F7FeAC6104d1E258D23B1b | Error: PoolTypeChecker contract call failed: no contract code at given address
FAILURE: 2025/07/04 17:27:33 Address: 0xd04Bc65744306A5C149414dd3CD5c984D9d3470d | Error: PoolTypeChecker contract call failed: no contract code at given address
FAILURE: 2025/07/04 17:27:43 Address: 0xC83326b497875b8Fbe720CCcDa785d0A4d5b3021 | Error: PoolTypeChecker contract call failed: no contract code at given address
FAILURE: 2025/07/04 17:28:19 Address: 0x70bFE342429Ac9616aD4cad9d22c900Ad248bc8c | Error: PoolTypeChecker contract call failed: no contract code at given address
FAILURE: 2025/07/04 17:28:28 Address: 0x3932192dE4f17DFB94Be031a8458E215A44BF560 | Error: PoolTypeChecker contract call failed: no contract code at given address
FAILURE: 2025/07/04 17:28:28 Address: 0xb6Bea5a5be773E2F27CaD2974a3230a63Eb087ed | Error: PoolTypeChecker contract call failed: no contract code at given address
FAILURE: 2025/07/04 17:28:35 Address: 0x18be16C0AC16438675b6a0F62f2175d4e18b5A37 | Error: PoolTypeChecker contract call failed: no contract code at given address
FAILURE: 2025/07/04 17:29:02 Address: 0xD89a69FbA3FCF693F3a84A9902bF2e513AA7D70c | Error: PoolTypeChecker contract call failed: no contract code at given address
FAILURE: 2025/07/04 17:29:34 Address: 0xc8cab7bbFea9914ab8F892806f0A514E8F5fE68c | Error: PoolTypeChecker contract call failed: no contract code at given address
FAILURE: 2025/07/04 17:29:43 Address: 0x54a5fA0Ec73De83be6B799C6be219AA51a422cD7 | Error: PoolTypeChecker contract call failed: no contract code at given address
FAILURE: 2025/07/04 17:29:43 Address: 0x6A9D961c9602fB484bA3C47c5F822b66721C9669 | Error: PoolTypeChecker contract call failed: no contract code at given address
FAILURE: 2025/07/04 17:30:04 Address: 0x8165c70b01b7807351EF0c5ffD3EF010cAbC16fB | Error: PoolTypeChecker contract call failed: no contract code at given address
FAILURE: 2025/07/04 17:30:27 Address: 0x3223859E24D5413947761Cb79D3094F21Be69bFA | Error: PoolTypeChecker contract call failed: no contract code at given address
FAILURE: 2025/07/04 17:30:36 Address: 0xf31778748B3364fC43d6ab6AAc4f52E2C29B6353 | Error: PoolTypeChecker contract call failed: no contract code at given address
FAILURE: 2025/07/04 17:30:43 Address: 0xb18e2e8B2f6C4f3f2e5afc1229d9d7654B0DdAA3 | Error: PoolTypeChecker contract call failed: no contract code at given address
FAILURE: 2025/07/04 17:30:50 Address: 0x13BC35D101B646Cf1F566f95077E67a9f5b301a3 | Error: PoolTypeChecker contract call failed: no contract code at given address
FAILURE: 2025/07/04 17:31:25 Address: 0x8f93Eaae544e8f5EB077A1e09C1554067d9e2CA8 | Error: PoolTypeChecker contract call failed: no contract code at given address
FAILURE: 2025/07/04 17:31:30 Address: 0xD49ab568dB5721AFE8E86811Ff4D0d5F5AFeA300 | Error: PoolTypeChecker contract call failed: no contract code at given address
FAILURE: 2025/07/04 17:31:42 Address: 0x2e96fbd4E2967d19fD5DFbcae592182F2cCfE282 | Error: PoolTypeChecker contract call failed: no contract code at given address
FAILURE: 2025/07/04 17:31:42 Address: 0x1228bE99D1feC80dAe796dE6186d62E9FcDce360 | Error: PoolTypeChecker contract call failed: no contract code at given address
FAILURE: 2025/07/04 17:31:43 Address: 0x17FF694698A72Fc5Fba10f34EF5E16cfE7972657 | Error: PoolTypeChecker contract call failed: no contract code at given address
FAILURE: 2025/07/04 17:31:45 Address: 0x6200B24E69EB9a12C06D09F21b0335A9B0EeB227 | Error: PoolTypeChecker contract call failed: no contract code at given address
FAILURE: 2025/07/04 17:31:58 Address: 0x2523281FD0C442Ccb7b9961DF6774a34043Ae15d | Error: PoolTypeChecker contract call failed: no contract code at given address
FAILURE: 2025/07/04 17:31:59 Address: 0x1EbCF8831b93450eA81b0619c5e05b98751c8322 | Error: PoolTypeChecker contract call failed: no contract code at given address
FAILURE: 2025/07/04 17:32:35 Address: 0xF782cd5748BfC21d30b03174BB3E30FDd111a897 | Error: PoolTypeChecker contract call failed: no contract code at given address
FAILURE: 2025/07/04 17:32:58 Address: 0x1059d792D7A4e5Fa676509D89f1d5c733dAa5192 | Error: PoolTypeChecker contract call failed: no contract code at given address
FAILURE: 2025/07/04 17:33:00 Address: 0x0Ac7e584d45Eef85652c57A994deeCC3a4dD7982 | Error: PoolTypeChecker contract call failed: no contract code at given address
FAILURE: 2025/07/04 17:33:00 Address: 0x765ee43eC9869ac6680e72ACE80b0bc5ac2BB511 | Error: PoolTypeChecker contract call failed: no contract code at given address
FAILURE: 2025/07/04 17:33:01 Address: 0x69B545997BD6aBC81CaE39Fe9bdC94d2242a0f92 | Error: PoolTypeChecker contract call failed: no contract code at given address
FAILURE: 2025/07/04 17:33:25 Address: 0x6AF703F66E5468281e3dc582bE08D659a8c477CF | Error: PoolTypeChecker contract call failed: no contract code at given address
FAILURE: 2025/07/04 17:33:31 Address: 0x8dca5a5DBA32cA529594d43F86ED4210EaD2Ed83 | Error: PoolTypeChecker contract call failed: no contract code at given address
FAILURE: 2025/07/04 17:33:46 Address: 0x223292964Fd10E82867D9E6c99cE62106426f204 | Error: PoolTypeChecker contract call failed: no contract code at given address
FAILURE: 2025/07/04 17:33:52 Address: 0x29BB566b8AeF8B961d6aa90ee28a6889Bc94F5D9 | Error: PoolTypeChecker contract call failed: no contract code at given address
FAILURE: 2025/07/04 17:34:14 Address: 0x33DB88eb6A1101185fbccE8014d038b5af0429B4 | Error: PoolTypeChecker contract call failed: no contract code at given address
FAILURE: 2025/07/04 17:34:28 Address: 0xE461f84C3fE6BCDd1162Eb0Ef4284F3bB6e4CAD3 | Error: PoolTypeChecker contract call failed: no contract code at given address
FAILURE: 2025/07/04 17:35:09 Address: 0xD58A9ef71e8AD9334e158835C4E5b59aC9131452 | Error: PoolTypeChecker contract call failed: no contract code at given address
FAILURE: 2025/07/04 17:35:11 Address: 0xCb198a55e2a88841E855bE4EAcaad99422416b33 | Error: PoolTypeChecker contract call failed: no contract code at given address
FAILURE: 2025/07/04 17:35:11 Address: 0x889af944e95788f770983062B13B5A52E367029B | Error: PoolTypeChecker contract call failed: no contract code at given address
FAILURE: 2025/07/04 17:35:12 Address: 0x96e43Ba4eA82f7dA60466f7c5A58aeb2BAcCDA7d | Error: PoolTypeChecker contract call failed: no contract code at given address
FAILURE: 2025/07/04 17:35:15 Address: 0x485Fa30Dd17BD30a22e22c61f1bfE3ee47ee3FA2 | Error: PoolTypeChecker contract call failed: no contract code at given address
FAILURE: 2025/07/04 17:35:16 Address: 0x3AB5DD69950a948c55D1FBFb7500BF92B4Bd4C48 | Error: PoolTypeChecker contract call failed: no contract code at given address
FAILURE: 2025/07/04 17:35:16 Address: 0x9cB911Cbb270cAE0d132689cE11c2c52aB2DedBC | Error: PoolTypeChecker contract call failed: no contract code at given address
FAILURE: 2025/07/04 17:35:29 Address: 0x05bA720fC96EA8969f86d7a0B0767BB8DC265232 | Error: PoolTypeChecker contract call failed: no contract code at given address
FAILURE: 2025/07/04 17:35:35 Address: 0xBFC41D69e3e828718b39ddC448B1050A82f84105 | Error: PoolTypeChecker contract call failed: no contract code at given address
FAILURE: 2025/07/04 17:35:45 Address: 0xD1E1Ac29B31B35646EaBD77163E212b76fE3b6A2 | Error: PoolTypeChecker contract call failed: no contract code at given address
FAILURE: 2025/07/04 17:36:14 Address: 0xd302119B5C46d504D0b3534312e56eC321976251 | Error: PoolTypeChecker contract call failed: no contract code at given address
FAILURE: 2025/07/04 17:36:16 Address: 0xA935D09f96363276Ca838CFD1d6EC64fD0092791 | Error: PoolTypeChecker contract call failed: no contract code at given address
FAILURE: 2025/07/04 17:36:22 Address: 0xF91107230f06E31aB7213826Fd204e0A06C2e052 | Error: PoolTypeChecker contract call failed: no contract code at given address
FAILURE: 2025/07/04 17:36:26 Address: 0x9360c3c95CA53b18221b97fbE22334C26A560511 | Error: PoolTypeChecker contract call failed: no contract code at given address
FAILURE: 2025/07/04 17:36:31 Address: 0x18663c0DC489C349D5d201A60CB006e7E58C00e0 | Error: PoolTypeChecker contract call failed: no contract code at given address
FAILURE: 2025/07/04 17:36:56 Address: 0x63c9282F2d72aEB221c4a5f2Db10dFb900A4Cba9 | Error: PoolTypeChecker contract call failed: no contract code at given address
FAILURE: 2025/07/04 17:37:03 Address: 0x293DFD996d5cd72Bed712B0EEAb96DBE400c0416 | Error: PoolTypeChecker contract call failed: no contract code at given address
FAILURE: 2025/07/04 17:37:24 Address: 0x254026B59805235f73cd8c388CC886614D2cE78D | Error: PoolTypeChecker contract call failed: no contract code at given address
FAILURE: 2025/07/04 17:37:29 Address: 0xeB16239E886422852b5a2B1B86d910eB72663B4a | Error: PoolTypeChecker contract call failed: no contract code at given address
FAILURE: 2025/07/04 17:37:29 Address: 0xa9fc9A82Fb01C1Cc5F0777AcF13954cD9D878Eb1 | Error: PoolTypeChecker contract call failed: no contract code at given address
FAILURE: 2025/07/04 17:37:30 Address: 0xD65Ef54B1ff5D9a452B32Ac0c304d1674F761061 | Error: PoolTypeChecker contract call failed: no contract code at given address
FAILURE: 2025/07/04 17:37:34 Address: 0x7e9cb8aD4a7683070E233F3Eb1D07d87272b9b26 | Error: PoolTypeChecker contract call failed: no contract code at given address
FAILURE: 2025/07/04 17:37:34 Address: 0x403b1405d8caFFC1CC5032cC82AA135d2481d0Cf | Error: PoolTypeChecker contract call failed: no contract code at given address
FAILURE: 2025/07/04 17:38:12 Address: 0xA4A3Cd24E1f52D8075715e6F54d15f10BC8f2c1A | Error: PoolTypeChecker contract call failed: no contract code at given address
FAILURE: 2025/07/04 17:38:14 Address: 0x7652A9AB5EA96881fc3afD2e65cf71fa5abf3188 | Error: PoolTypeChecker contract call failed: no contract code at given address
FAILURE: 2025/07/04 17:38:15 Address: 0xdb86E7fE4074E3C29d2fd0ED1d104c00E11a196B | Error: PoolTypeChecker contract call failed: no contract code at given address
FAILURE: 2025/07/04 17:38:15 Address: 0xb6DD51D5425861C808Fd60827Ab6CFBfFE604959 | Error: PoolTypeChecker contract call failed: no contract code at given address
FAILURE: 2025/07/04 17:38:15 Address: 0x6E3ED92B4E2DAdcd81AF83155145CC6913041962 | Error: PoolTypeChecker contract call failed: no contract code at given address
FAILURE: 2025/07/04 17:38:16 Address: 0x17c14D2c404D167802b16C450d3c99F88F2c4F4d | Error: PoolTypeChecker contract call failed: no contract code at given address
FAILURE: 2025/07/04 17:38:16 Address: 0xc82819F72A9e77E2c0c3A69B3196478f44303cf4 | Error: PoolTypeChecker contract call failed: no contract code at given address
FAILURE: 2025/07/04 17:38:17 Address: 0xF4143962Ac5bD97dB16518aC2587d0247A826552 | Error: PoolTypeChecker contract call failed: no contract code at given address
FAILURE: 2025/07/04 17:38:22 Address: 0x1C31fB3359357f6436565cCb3E982Bc6Bf4189ae | Error: PoolTypeChecker contract call failed: no contract code at given address
FAILURE: 2025/07/04 17:38:23 Address: 0x57b85FEf094e10b5eeCDF350Af688299E9553378 | Error: PoolTypeChecker contract call failed: no contract code at given address
FAILURE: 2025/07/04 17:38:24 Address: 0x905dfCD5649217c42684f23958568e533C711Aa3 | Error: PoolTypeChecker contract call failed: no contract code at given address
FAILURE: 2025/07/04 17:38:24 Address: 0xe8795cF9c2309eCfe05Df028eB0F21D5D6e3a951 | Error: PoolTypeChecker contract call failed: no contract code at given address
FAILURE: 2025/07/04 17:38:28 Address: 0xB737586E9aB03c2Aa1e1a4f164DcEC2FE1dFbEb7 | Error: PoolTypeChecker contract call failed: no contract code at given address
FAILURE: 2025/07/04 17:38:29 Address: 0x87425D8812f44726091831a9A109f4bDc3eA34b4 | Error: PoolTypeChecker contract call failed: no contract code at given address
FAILURE: 2025/07/04 17:38:41 Address: 0x27FBB88282f654Fbce1814B6d0Ff1eaabDffC432 | Error: PoolTypeChecker contract call failed: no contract code at given address
FAILURE: 2025/07/04 17:38:51 Address: 0xBfCa4230115DE8341F3A3d5e8845fFb3337B2Be3 | Error: PoolTypeChecker contract call failed: no contract code at given address
FAILURE: 2025/07/04 17:39:11 Address: 0x1167d6A7Eed7A19e86c5950b7c4A810348E67fd3 | Error: PoolTypeChecker contract call failed: no contract code at given address
FAILURE: 2025/07/04 17:39:13 Address: 0x0Ccf5C34CfA6F1bce358E382432F1E2Bc715dF93 | Error: PoolTypeChecker contract call failed: no contract code at given address
FAILURE: 2025/07/04 17:39:17 Address: 0xbE0a388ae4819044849aCa624e9e6c552FE10d8A | Error: PoolTypeChecker contract call failed: no contract code at given address
FAILURE: 2025/07/04 17:39:20 Address: 0xC7341e85996EeB05897d3DeC79448b6e4cCc09CF | Error: PoolTypeChecker contract call failed: no contract code at given address
FAILURE: 2025/07/04 17:39:21 Address: 0x38330D5CFf2Cc1D1Aa4a2a014EE0FCBe9b0C20A1 | Error: PoolTypeChecker contract call failed: no contract code at given address
FAILURE: 2025/07/04 17:39:29 Address: 0x00FA2ed5947733CDedc614A371FECa2aC9AF150a | Error: PoolTypeChecker contract call failed: no contract code at given address
FAILURE: 2025/07/04 17:39:40 Address: 0x74C1f85e5429Ea828BEDb2Bb90ddbe2cb1c0fb31 | Error: PoolTypeChecker contract call failed: no contract code at given address
FAILURE: 2025/07/04 17:39:40 Address: 0x06537920BDe4960713E220bd9CB4844a1461101C | Error: PoolTypeChecker contract call failed: no contract code at given address
FAILURE: 2025/07/04 17:39:48 Address: 0x05De18dF74FA430Ea0729b00768B0655486773fB | Error: PoolTypeChecker contract call failed: no contract code at given address
FAILURE: 2025/07/04 17:39:48 Address: 0xF64Dfe17C8b87F012FCf50FbDA1D62bfA148366a | Error: PoolTypeChecker contract call failed: no contract code at given address
FAILURE: 2025/07/04 17:40:30 Address: 0xfbcBBBB551A5FC5Ad7796ab6BBfF01Fb0DD2E180 | Error: DiscoverAndCachePool failed for type 1: failed to fetch initial reserves: multicall network error: failed to unpack call outputs at index [0]: outputs type is not a struct
FAILURE: 2025/07/04 17:40:44 Address: 0xd04Bc65744306A5C149414dd3CD5c984D9d3470d | Error: DiscoverAndCachePool failed for type 1: failed to fetch initial reserves: multicall network error: failed to unpack call outputs at index [0]: outputs type is not a struct
FAILURE: 2025/07/04 17:40:45 Address: 0xA1cb647629Aa2dec7a7971D749b4154D4c69BEC6 | Error: DiscoverAndCachePool failed for type 1: failed to fetch initial reserves: multicall network error: failed to unpack call outputs at index [0]: outputs type is not a struct
FAILURE: 2025/07/04 17:40:55 Address: 0x9c5397dBCD8B039c5fc8b1Bc2602fA2767567149 | Error: DiscoverAndCachePool failed for type 1: failed to fetch initial reserves: multicall network error: failed to unpack call outputs at index [0]: outputs type is not a struct
FAILURE: 2025/07/04 17:40:56 Address: 0x69B545997BD6aBC81CaE39Fe9bdC94d2242a0f92 | Error: DiscoverAndCachePool failed for type 1: failed to fetch initial reserves: multicall network error: failed to unpack call outputs at index [0]: outputs type is not a struct
FAILURE: 2025/07/04 17:41:13 Address: 0x3bB96432E65fC2b2C4D0C973F8D55C3FFaFC804E | Error: DiscoverAndCachePool failed for type 1: failed to fetch initial reserves: multicall network error: failed to unpack call outputs at index [0]: outputs type is not a struct
FAILURE: 2025/07/04 17:41:34 Address: 0x8F5384B372A9348C879eAF29d384F33c8f2191F5 | Error: DiscoverAndCachePool failed for type 1: failed to fetch initial reserves: multicall network error: failed to unpack call outputs at index [0]: outputs type is not a struct
FAILURE: 2025/07/04 17:41:39 Address: 0x0C93A1D3F68a0554d37F3e7AF3a1442a94405E7A | Error: DiscoverAndCachePool failed for type 1: failed to fetch initial reserves: multicall network error: failed to unpack call outputs at index [0]: outputs type is not a struct
FAILURE: 2025/07/04 17:41:46 Address: 0xD5270AEDEb6f9197cD8d881Db74DBd0D994C325c | Error: DiscoverAndCachePool failed for type 1: failed to fetch initial reserves: multicall network error: failed to unpack call outputs at index [0]: outputs type is not a struct
FAILURE: 2025/07/04 17:42:19 Address: 0xa6c5C7D189fA4eB5Af8ba34E63dCDD3a635D433f | Error: DiscoverAndCachePool failed for type 1: failed to fetch initial reserves: multicall network error: failed to unpack call outputs at index [0]: outputs type is not a struct
FAILURE: 2025/07/04 17:42:34 Address: 0x3dA7FE3f0eD5c8e82A6E5b046C635274912a5db0 | Error: DiscoverAndCachePool failed for type 1: failed to fetch initial reserves: multicall network error: failed to unpack call outputs at index [0]: outputs type is not a struct
FAILURE: 2025/07/04 17:42:50 Address: 0x513E300932ffb76f12B33D07e2711B8E0c59fc7C | Error: DiscoverAndCachePool failed for type 1: failed to fetch initial reserves: multicall network error: failed to unpack call outputs at index [0]: outputs type is not a struct
FAILURE: 2025/07/04 17:42:55 Address: 0x4edAa03fc13F8F13C3290c3728F587760B12e381 | Error: DiscoverAndCachePool failed for type 1: failed to fetch initial reserves: multicall network error: failed to unpack call outputs at index [0]: outputs type is not a struct
FAILURE: 2025/07/04 17:42:56 Address: 0x3221022e37029923aCe4235D812273C5A42C322d | Error: DiscoverAndCachePool failed for type 1: failed to fetch initial reserves: multicall network error: failed to unpack call outputs at index [0]: outputs type is not a struct
FAILURE: 2025/07/04 17:43:07 Address: 0x25D3ce097e413eEAb09bbdA72CD87d8972E673D4 | Error: DiscoverAndCachePool failed for type 1: failed to fetch initial reserves: multicall network error: failed to unpack call outputs at index [0]: outputs type is not a struct
FAILURE: 2025/07/04 17:43:10 Address: 0xd04Bc65744306A5C149414dd3CD5c984D9d3470d | Error: DiscoverAndCachePool failed for type 1: failed to fetch initial reserves: multicall network error: failed to unpack call outputs at index [0]: outputs type is not a struct
FAILURE: 2025/07/04 17:43:33 Address: 0xB34b3ceF357B4AcabB073cC5bab1C6B6FF29a732 | Error: DiscoverAndCachePool failed for type 1: failed to fetch initial reserves: multicall network error: failed to unpack call outputs at index [0]: outputs type is not a struct
FAILURE: 2025/07/04 17:43:41 Address: 0xBF6CBb1F40a542aF50839CaD01b0dc1747F11e18 | Error: DiscoverAndCachePool failed for type 1: failed to fetch initial reserves: multicall network error: failed to unpack call outputs at index [0]: outputs type is not a struct
FAILURE: 2025/07/04 17:44:10 Address: 0xeeA1F1a1C8Bc84b5Ba6625d272E3bBb1B365Dfd0 | Error: DiscoverAndCachePool failed for type 1: failed to fetch initial reserves: multicall network error: failed to unpack call outputs at index [0]: outputs type is not a struct
FAILURE: 2025/07/04 17:44:18 Address: 0x2d17EbAdaEfC0B99E38C79B015EacE06277e8906 | Error: DiscoverAndCachePool failed for type 1: failed to fetch initial reserves: multicall network error: failed to unpack call outputs at index [0]: outputs type is not a struct
FAILURE: 2025/07/04 17:44:24 Address: 0x0C93A1D3F68a0554d37F3e7AF3a1442a94405E7A | Error: DiscoverAndCachePool failed for type 1: failed to fetch initial reserves: multicall network error: failed to unpack call outputs at index [0]: outputs type is not a struct
FAILURE: 2025/07/04 17:44:31 Address: 0x982FB80A936113a11006e226fe17e20333359Ce1 | Error: DiscoverAndCachePool failed for type 1: failed to fetch initial reserves: multicall network error: failed to unpack call outputs at index [0]: outputs type is not a struct
FAILURE: 2025/07/04 17:44:45 Address: 0x3BFB1ac033ff0aE278Be0583FCCc900FBD9382c6 | Error: DiscoverAndCachePool failed for type 1: failed to fetch initial reserves: multicall network error: failed to unpack call outputs at index [0]: outputs type is not a struct
FAILURE: 2025/07/04 17:44:49 Address: 0xB45A382E6c50c71376fC54F902Eb6C4C57436b68 | Error: DiscoverAndCachePool failed for type 1: failed to fetch initial reserves: multicall network error: failed to unpack call outputs at index [0]: outputs type is not a struct
FAILURE: 2025/07/04 17:44:49 Address: 0x7Bc27907aC638dBCeb74b1fb02FC154dA3E15334 | Error: DiscoverAndCachePool failed for type 1: failed to fetch initial reserves: multicall network error: failed to unpack call outputs at index [0]: outputs type is not a struct
FAILURE: 2025/07/04 17:44:58 Address: 0x7B7fB83972916FE3A2b3D324B213f55F2C2Dd622 | Error: DiscoverAndCachePool failed for type 1: failed to fetch initial reserves: multicall network error: failed to unpack call outputs at index [0]: outputs type is not a struct
FAILURE: 2025/07/04 17:45:19 Address: 0xF64Dfe17C8b87F012FCf50FbDA1D62bfA148366a | Error: DiscoverAndCachePool failed for type 1: failed to fetch initial reserves: multicall network error: failed to unpack call outputs at index [0]: outputs type is not a struct
FAILURE: 2025/07/04 17:46:06 Address: 0xb805414F21A0B833552644fEb8226a7237Ef29F1 | Error: DiscoverAndCachePool failed for type 1: failed to fetch initial reserves: multicall network error: failed to unpack call outputs at index [0]: outputs type is not a struct
FAILURE: 2025/07/04 17:46:09 Address: 0xc1ad239594c165bd4D8847D281232172a4520818 | Error: DiscoverAndCachePool failed for type 1: failed to fetch initial reserves: multicall network error: failed to unpack call outputs at index [0]: outputs type is not a struct
FAILURE: 2025/07/04 17:46:58 Address: 0x27A6A289B2e5dFa0A0473fF9caBe18E0d6Ff072E | Error: DiscoverAndCachePool failed for type 1: failed to fetch initial reserves: multicall network error: failed to unpack call outputs at index [0]: outputs type is not a struct
FAILURE: 2025/07/04 17:47:05 Address: 0x011f31D20C8778c8Beb1093b73E3A5690Ee6271b | Error: DiscoverAndCachePool failed for type 1: failed to fetch initial reserves: multicall network error: failed to unpack call outputs at index [0]: outputs type is not a struct
FAILURE: 2025/07/04 17:47:48 Address: 0x79F8De685ba7EC3Aa60e504e571731E59D137778 | Error: DiscoverAndCachePool failed for type 1: failed to fetch initial reserves: multicall network error: failed to unpack call outputs at index [0]: outputs type is not a struct
FAILURE: 2025/07/04 17:47:55 Address: 0xF0030345F2bc6b6402DfB457a2d708e0128eA455 | Error: DiscoverAndCachePool failed for type 1: failed to fetch initial reserves: multicall network error: failed to unpack call outputs at index [0]: outputs type is not a struct
FAILURE: 2025/07/04 17:48:32 Address: 0x57b85FEf094e10b5eeCDF350Af688299E9553378 | Error: DiscoverAndCachePool failed for type 1: failed to fetch initial reserves: multicall network error: failed to unpack call outputs at index [0]: outputs type is not a struct
FAILURE: 2025/07/04 17:48:40 Address: 0xAd1A75625b479440E9180a7820a59f73Da03589b | Error: DiscoverAndCachePool failed for type 1: failed to fetch initial reserves: multicall network error: failed to unpack call outputs at index [0]: outputs type is not a struct
FAILURE: 2025/07/04 17:48:51 Address: 0xfbcBBBB551A5FC5Ad7796ab6BBfF01Fb0DD2E180 | Error: DiscoverAndCachePool failed for type 1: failed to fetch initial reserves: multicall network error: failed to unpack call outputs at index [0]: outputs type is not a struct
FAILURE: 2025/07/04 17:50:48 Address: 0x1C31fB3359357f6436565cCb3E982Bc6Bf4189ae | Error: DiscoverAndCachePool failed for type 1: failed to fetch initial reserves: multicall network error: failed to unpack call outputs at index [0]: outputs type is not a struct
FAILURE: 2025/07/04 17:50:50 Address: 0x4bE5215eA546205167481d4FC1493FbE2677146a | Error: DiscoverAndCachePool failed for type 1: failed to fetch initial reserves: multicall network error: failed to unpack call outputs at index [0]: outputs type is not a struct
FAILURE: 2025/07/04 17:50:59 Address: 0x87425D8812f44726091831a9A109f4bDc3eA34b4 | Error: DiscoverAndCachePool failed for type 1: failed to fetch initial reserves: multicall network error: failed to unpack call outputs at index [0]: outputs type is not a struct
FAILURE: 2025/07/04 17:50:59 Address: 0xC9da32C3b444F15412F7FeAC6104d1E258D23B1b | Error: DiscoverAndCachePool failed for type 1: failed to fetch initial reserves: multicall network error: failed to unpack call outputs at index [0]: outputs type is not a struct
FAILURE: 2025/07/04 17:53:42 Address: 0xB7E50106A5bd3Cf21AF210A755F9C8740890A8c9 | Error: DiscoverAndCachePool failed for type 1: failed to fetch initial reserves: multicall network error: failed to unpack call outputs at index [0]: outputs type is not a struct
FAILURE: 2025/07/04 17:54:12 Address: 0x1222c8B37351d00Cee5a826c3fa573AE9a1cf42e | Error: DiscoverAndCachePool failed for type 1: failed to fetch initial reserves: multicall network error: failed to unpack call outputs at index [0]: outputs type is not a struct
FAILURE: 2025/07/04 17:54:12 Address: 0x6E30744f4878B5F8510fd18c8e2662192A675939 | Error: DiscoverAndCachePool failed for type 1: failed to fetch initial reserves: multicall network error: failed to unpack call outputs at index [0]: outputs type is not a struct
FAILURE: 2025/07/04 17:54:12 Address: 0x8b71cCb16593EB349Baf2b6490C88E6dD4a9fb78 | Error: DiscoverAndCachePool failed for type 1: failed to fetch initial reserves: multicall network error: failed to unpack call outputs at index [0]: outputs type is not a struct
FAILURE: 2025/07/04 17:54:25 Address: 0x6210775833732F144058713c9b36de09AFD1CA3B | Error: DiscoverAndCachePool failed for type 1: failed to fetch initial reserves: multicall network error: failed to unpack call outputs at index [0]: outputs type is not a struct
FAILURE: 2025/07/04 17:54:25 Address: 0x3ccF01A3e947CA221e81c9ea65eab00eefD87348 | Error: DiscoverAndCachePool failed for type 1: failed to fetch initial reserves: multicall network error: failed to unpack call outputs at index [0]: outputs type is not a struct
FAILURE: 2025/07/04 17:55:14 Address: 0x17F74f88D2283C7c6DDB0f7CC6CF581E134812A5 | Error: DiscoverAndCachePool failed for type 1: failed to fetch initial reserves: multicall network error: failed to unpack call outputs at index [0]: outputs type is not a struct
FAILURE: 2025/07/04 17:55:34 Address: 0x4eeeE2B068B9b5b34115EEfdBa6e9CeEE73E565F | Error: DiscoverAndCachePool failed for type 1: failed to fetch initial reserves: multicall network error: failed to unpack call outputs at index [0]: outputs type is not a struct
FAILURE: 2025/07/04 17:55:41 Address: 0x10Cab08D1490a56bDa21A191C20771fcB5453F54 | Error: DiscoverAndCachePool failed for type 1: failed to fetch initial reserves: multicall network error: failed to unpack call outputs at index [0]: outputs type is not a struct
FAILURE: 2025/07/04 17:57:49 Address: 0x0Ccf5C34CfA6F1bce358E382432F1E2Bc715dF93 | Error: DiscoverAndCachePool failed for type 1: failed to fetch initial reserves: multicall network error: failed to unpack call outputs at index [0]: outputs type is not a struct
FAILURE: 2025/07/04 17:58:40 Address: 0x630388B8A8d22bb401E0c6A91C3A7956535CB30E | Error: DiscoverAndCachePool failed for type 1: failed to fetch initial reserves: multicall network error: failed to unpack call outputs at index [0]: outputs type is not a struct
FAILURE: 2025/07/04 17:59:16 Address: 0x33DB88eb6A1101185fbccE8014d038b5af0429B4 | Error: DiscoverAndCachePool failed for type 1: failed to fetch initial reserves: multicall network error: failed to unpack call outputs at index [0]: outputs type is not a struct
FAILURE: 2025/07/04 17:59:17 Address: 0x47888C34e9aa879363E94E5302681e763B18D39E | Error: DiscoverAndCachePool failed for type 1: failed to fetch initial reserves: multicall network error: failed to unpack call outputs at index [0]: outputs type is not a struct
FAILURE: 2025/07/04 17:59:18 Address: 0xA7041333C0B800E736DF61341293734145B3Db45 | Error: DiscoverAndCachePool failed for type 1: failed to fetch initial reserves: multicall network error: failed to unpack call outputs at index [0]: outputs type is not a struct
FAILURE: 2025/07/04 17:59:21 Address: 0xBfCa4230115DE8341F3A3d5e8845fFb3337B2Be3 | Error: DiscoverAndCachePool failed for type 1: failed to fetch initial reserves: multicall network error: failed to unpack call outputs at index [0]: outputs type is not a struct
FAILURE: 2025/07/04 17:59:46 Address: 0x3bB96432E65fC2b2C4D0C973F8D55C3FFaFC804E | Error: DiscoverAndCachePool failed for type 1: failed to fetch initial reserves: multicall network error: failed to unpack call outputs at index [0]: outputs type is not a struct
FAILURE: 2025/07/04 17:59:49 Address: 0x61b608200fa6045088eA39ED38AA5B8e3C0E9BDE | Error: DiscoverAndCachePool failed for type 1: failed to fetch initial reserves: multicall network error: failed to unpack call outputs at index [0]: outputs type is not a struct
FAILURE: 2025/07/04 18:00:50 Address: 0x6aBA61388A6596A8511F56C9651bA7575D0fd0AA | Error: DiscoverAndCachePool failed for type 1: failed to fetch initial reserves: multicall network error: failed to unpack call outputs at index [0]: outputs type is not a struct
FAILURE: 2025/07/04 18:01:17 Address: 0x8b8149Dd385955DC1cE77a4bE7700CCD6a212e65 | Error: DiscoverAndCachePool failed for type 1: failed to fetch initial reserves: multicall network error: failed to unpack call outputs at index [0]: outputs type is not a struct
FAILURE: 2025/07/04 18:01:37 Address: 0x29BB566b8AeF8B961d6aa90ee28a6889Bc94F5D9 | Error: DiscoverAndCachePool failed for type 1: failed to fetch initial reserves: multicall network error: failed to unpack call outputs at index [0]: outputs type is not a struct
FAILURE: 2025/07/04 18:03:01 Address: 0xBFC41D69e3e828718b39ddC448B1050A82f84105 | Error: DiscoverAndCachePool failed for type 1: failed to fetch initial reserves: multicall network error: failed to unpack call outputs at index [0]: outputs type is not a struct
FAILURE: 2025/07/04 18:03:17 Address: 0xEBCb619a2B136961A1432cB10100bEae2Bc5b6f8 | Error: DiscoverAndCachePool failed for type 1: failed to fetch initial reserves: multicall network error: failed to unpack call outputs at index [0]: outputs type is not a struct
FAILURE: 2025/07/04 18:04:05 Address: 0xd024BFE64bf948D72AABd02cc4409471af9EC976 | Error: DiscoverAndCachePool failed for type 1: failed to fetch initial reserves: multicall network error: failed to unpack call outputs at index [0]: outputs type is not a struct
FAILURE: 2025/07/04 18:04:18 Address: 0xd45c3A746A22016B2ac77210bDC1cbdE2b1AEee6 | Error: DiscoverAndCachePool failed for type 1: failed to fetch initial reserves: multicall network error: failed to unpack call outputs at index [0]: outputs type is not a struct
FAILURE: 2025/07/04 18:04:27 Address: 0x253bA7c9d0D8F22518Aa6BBE01d9D42e9dB25be2 | Error: DiscoverAndCachePool failed for type 1: failed to fetch initial reserves: multicall network error: failed to unpack call outputs at index [0]: outputs type is not a struct
FAILURE: 2025/07/04 18:04:40 Address: 0x0D39D54cE32eB8690c9eB2C76EA092897E478e9b | Error: DiscoverAndCachePool failed for type 1: failed to fetch initial reserves: multicall network error: failed to unpack call outputs at index [0]: outputs type is not a struct
FAILURE: 2025/07/04 18:05:05 Address: 0x3C6bd88cdD2AECf466E22d4ED86dB6B8953FDb72 | Error: DiscoverAndCachePool failed for type 1: failed to fetch initial reserves: multicall network error: failed to unpack call outputs at index [0]: outputs type is not a struct
FAILURE: 2025/07/04 18:05:29 Address: 0xCB0E5bFa72bBb4d16AB5aA0c60601c438F04b4ad | Error: DiscoverAndCachePool failed for type 1: failed to fetch initial reserves: multicall network error: failed to unpack call outputs at index [0]: outputs type is not a struct
FAILURE: 2025/07/04 18:07:32 Address: 0x905dfCD5649217c42684f23958568e533C711Aa3 | Error: DiscoverAndCachePool failed for type 1: failed to fetch initial reserves: multicall network error: failed to unpack call outputs at index [0]: outputs type is not a struct
FAILURE: 2025/07/04 18:07:34 Address: 0x410c879c62f22794bD5eE98e2EE01490F6d47A6b | Error: DiscoverAndCachePool failed for type 1: failed to fetch initial reserves: multicall network error: failed to unpack call outputs at index [0]: outputs type is not a struct
FAILURE: 2025/07/04 18:08:53 Address: 0x32B253b24B2c63Ef639F62672A2D51898725185A | Error: DiscoverAndCachePool failed for type 1: failed to fetch initial reserves: multicall network error: failed to unpack call outputs at index [0]: outputs type is not a struct
FAILURE: 2025/07/04 18:09:50 Address: 0xB9B5c431AE79FFdbCDf7520BBE23D4273cECc536 | Error: DiscoverAndCachePool failed for type 1: failed to fetch initial reserves: multicall network error: failed to unpack call outputs at index [0]: outputs type is not a struct
FAILURE: 2025/07/04 18:09:50 Address: 0x5394b2B1cB0E0e7Cc56C1eB33C5F27ba84D65D16 | Error: DiscoverAndCachePool failed for type 1: failed to fetch initial reserves: multicall network error: failed to unpack call outputs at index [0]: outputs type is not a struct
FAILURE: 2025/07/04 18:10:21 Address: 0x8165c70b01b7807351EF0c5ffD3EF010cAbC16fB | Error: DiscoverAndCachePool failed for type 1: failed to fetch initial reserves: multicall network error: failed to unpack call outputs at index [0]: outputs type is not a struct
FAILURE: 2025/07/04 18:10:55 Address: 0x371DdfC191DAAA45336f19Cd4c5Edf2C659074c4 | Error: DiscoverAndCachePool failed for type 1: failed to fetch initial reserves: multicall network error: failed to unpack call outputs at index [0]: outputs type is not a struct
FAILURE: 2025/07/04 18:11:59 Address: 0xbe3B9c3700171183b2B3F827D8833212d0197a96 | Error: DiscoverAndCachePool failed for type 1: failed to fetch initial reserves: multicall network error: failed to unpack call outputs at index [0]: outputs type is not a struct
FAILURE: 2025/07/04 18:12:19 Address: 0xbE0a388ae4819044849aCa624e9e6c552FE10d8A | Error: DiscoverAndCachePool failed for type 1: failed to fetch initial reserves: multicall network error: failed to unpack call outputs at index [0]: outputs type is not a struct
FAILURE: 2025/07/04 18:12:34 Address: 0xa00F15728153d34EBE20eDaEaF6d26936b3F1863 | Error: DiscoverAndCachePool failed for type 1: failed to fetch initial reserves: multicall network error: failed to unpack call outputs at index [0]: outputs type is not a struct
FAILURE: 2025/07/04 18:12:35 Address: 0x42bC6dc56063B54BDaBD1eADFDA1154bc4fB1fA7 | Error: DiscoverAndCachePool failed for type 1: failed to fetch initial reserves: multicall network error: failed to unpack call outputs at index [0]: outputs type is not a struct
FAILURE: 2025/07/04 18:12:36 Address: 0x23FD8dDB71f93AB297d807c5B2AAd3242740A50b | Error: DiscoverAndCachePool failed for type 1: failed to fetch initial reserves: multicall network error: failed to unpack call outputs at index [0]: outputs type is not a struct
FAILURE: 2025/07/04 18:14:16 Address: 0xeB16239E886422852b5a2B1B86d910eB72663B4a | Error: DiscoverAndCachePool failed for type 1: failed to fetch initial reserves: multicall network error: failed to unpack call outputs at index [0]: outputs type is not a struct
FAILURE: 2025/07/04 18:14:31 Address: 0xDeae1ff5282D83AAdd42f85c57F6e69a037bf7Cd | Error: DiscoverAndCachePool failed for type 1: failed to fetch initial reserves: multicall network error: failed to unpack call outputs at index [0]: outputs type is not a struct
FAILURE: 2025/07/04 18:16:11 Address: 0x8f6319aa0F8678df58a50040bcFaafc156e61D09 | Error: DiscoverAndCachePool failed for type 1: failed to fetch initial reserves: multicall network error: failed to unpack call outputs at index [0]: outputs type is not a struct
FAILURE: 2025/07/04 18:16:11 Address: 0xEb4239aac41a62A695D8DBddaE268d785e308DC1 | Error: DiscoverAndCachePool failed for type 1: failed to fetch initial reserves: multicall network error: failed to unpack call outputs at index [0]: outputs type is not a struct
FAILURE: 2025/07/04 18:17:43 Address: 0x400Bf6FA87705b45Edb04B39e66812F807456D06 | Error: DiscoverAndCachePool failed for type 1: failed to fetch initial reserves: multicall network error: failed to unpack call outputs at index [0]: outputs type is not a struct
FAILURE: 2025/07/04 18:19:10 Address: 0x84ad8A6BDBf14ED6554008fEf4Ecf183DF96BACe | Error: DiscoverAndCachePool failed for type 1: failed to fetch initial reserves: multicall network error: failed to unpack call outputs at index [0]: outputs type is not a struct
FAILURE: 2025/07/04 18:19:26 Address: 0x2af377fC46be2e14Ec770EdCd026679B4030aFcd | Error: DiscoverAndCachePool failed for type 1: failed to fetch initial reserves: multicall network error: failed to unpack call outputs at index [0]: outputs type is not a struct
FAILURE: 2025/07/04 18:19:29 Address: 0xF4143962Ac5bD97dB16518aC2587d0247A826552 | Error: DiscoverAndCachePool failed for type 1: failed to fetch initial reserves: multicall network error: failed to unpack call outputs at index [0]: outputs type is not a struct
FAILURE: 2025/07/04 18:19:46 Address: 0xDcCc6d5757290727514FDEF7db68aC8540445167 | Error: DiscoverAndCachePool failed for type 1: failed to fetch initial reserves: multicall network error: failed to unpack call outputs at index [0]: outputs type is not a struct
FAILURE: 2025/07/04 18:19:56 Address: 0x54B26fAf3671677C19F70c4B879A6f7B898F732c | Error: DiscoverAndCachePool failed for type 1: failed to fetch initial reserves: multicall network error: failed to unpack call outputs at index [0]: outputs type is not a struct
FAILURE: 2025/07/04 18:19:57 Address: 0x69B545997BD6aBC81CaE39Fe9bdC94d2242a0f92 | Error: DiscoverAndCachePool failed for type 1: failed to fetch initial reserves: multicall network error: failed to unpack call outputs at index [0]: outputs type is not a struct
FAILURE: 2025/07/04 18:21:23 Address: 0xf82105aA473560CfBF8Cbc6Fd83dB14Eb4028117 | Error: DiscoverAndCachePool failed for type 1: failed to fetch initial reserves: multicall network error: failed to unpack call outputs at index [0]: outputs type is not a struct
FAILURE: 2025/07/04 18:21:27 Address: 0x85869243694691A7aeCe1E4A0c2698f85528a8fD | Error: DiscoverAndCachePool failed for type 1: failed to fetch initial reserves: multicall network error: failed to unpack call outputs at index [0]: outputs type is not a struct
FAILURE: 2025/07/04 18:21:27 Address: 0x259819Eae3e10db640f5786029E08ff3A1B6f01D | Error: DiscoverAndCachePool failed for type 1: failed to fetch initial reserves: multicall network error: failed to unpack call outputs at index [0]: outputs type is not a struct
FAILURE: 2025/07/04 18:22:06 Address: 0x9c5397dBCD8B039c5fc8b1Bc2602fA2767567149 | Error: DiscoverAndCachePool failed for type 1: failed to fetch initial reserves: multicall network error: failed to unpack call outputs at index [0]: outputs type is not a struct
FAILURE: 2025/07/04 18:23:17 Address: 0x7d792eF20Ca115aB420cD7334c6fa47998E7b5B1 | Error: DiscoverAndCachePool failed for type 1: failed to fetch initial reserves: multicall network error: failed to unpack call outputs at index [0]: outputs type is not a struct
FAILURE: 2025/07/04 18:23:23 Address: 0x4832e0a194281d1ffE464C654E4E938f642DD362 | Error: DiscoverAndCachePool failed for type 1: failed to fetch initial reserves: multicall network error: failed to unpack call outputs at index [0]: outputs type is not a struct
FAILURE: 2025/07/04 18:23:31 Address: 0x103B03051Bf073c44DECfAF8dFd12275254AB97E | Error: DiscoverAndCachePool failed for type 1: failed to fetch initial reserves: multicall network error: failed to unpack call outputs at index [0]: outputs type is not a struct
FAILURE: 2025/07/04 18:24:08 Address: 0xa6c5C7D189fA4eB5Af8ba34E63dCDD3a635D433f | Error: DiscoverAndCachePool failed for type 1: failed to fetch initial reserves: multicall network error: failed to unpack call outputs at index [0]: outputs type is not a struct
FAILURE: 2025/07/04 18:24:08 Address: 0x6A78E84FA0edAD4D99eB90edc041CdbF85925961 | Error: DiscoverAndCachePool failed for type 1: failed to fetch initial reserves: multicall network error: failed to unpack call outputs at index [0]: outputs type is not a struct
FAILURE: 2025/07/04 18:24:48 Address: 0x05C6F695Ad50C16299BEdCa3Fe9059B56550082f | Error: DiscoverAndCachePool failed for type 1: failed to fetch initial reserves: multicall network error: failed to unpack call outputs at index [0]: outputs type is not a struct
FAILURE: 2025/07/04 18:27:49 Address: 0xdb86E7fE4074E3C29d2fd0ED1d104c00E11a196B | Error: DiscoverAndCachePool failed for type 1: failed to fetch initial reserves: multicall network error: failed to unpack call outputs at index [0]: outputs type is not a struct
FAILURE: 2025/07/04 18:27:51 Address: 0x8A10d723C8A265603184756a1506b5E7EF4F0ee7 | Error: DiscoverAndCachePool failed for type 1: failed to fetch initial reserves: multicall network error: failed to unpack call outputs at index [0]: outputs type is not a struct
FAILURE: 2025/07/04 18:29:17 Address: 0xCE9F74fcFf84C7D37e0D2fF86815Ad196C31E9Ab | Error: DiscoverAndCachePool failed for type 1: failed to fetch initial reserves: multicall network error: failed to unpack call outputs at index [0]: outputs type is not a struct
FAILURE: 2025/07/04 18:29:59 Address: 0x70bFE342429Ac9616aD4cad9d22c900Ad248bc8c | Error: DiscoverAndCachePool failed for type 1: failed to fetch initial reserves: multicall network error: failed to unpack call outputs at index [0]: outputs type is not a struct
FAILURE: 2025/07/04 18:31:41 Address: 0x53d461D05fd85499a9C2b1FDFB8A12bE496C0265 | Error: DiscoverAndCachePool failed for type 1: failed to fetch initial reserves: multicall network error: failed to unpack call outputs at index [0]: outputs type is not a struct
FAILURE: 2025/07/04 18:34:43 Address: 0x39511b74722afE77d532Eb70632B4B59C559019b | Error: DiscoverAndCachePool failed for type 1: failed to fetch initial reserves: multicall network error: failed to unpack call outputs at index [0]: outputs type is not a struct
