FAILURE: 2025/07/06 03:06:14 Address: 0xf07f6c8F6e5e17CC8A27B88ECfDa2DBB6BD1053D | Error: data fetching failed for identified pool type 4: multicall network error: multicall failed: 429 Too Many Requests: {"jsonrpc":"2.0","error":{"code":429,"message":"Too Many Requests"}}

FAILURE: 2025/07/06 03:06:14 Address: 0xa6D1dF9e1bcf75EA69759150923D6a212fcCFAFB | Error: data fetching failed for identified pool type 2: multicall failed: 429 Too Many Requests: {"jsonrpc":"2.0","error":{"code":429,"message":"Too Many Requests"}}

FAILURE: 2025/07/06 03:06:14 Address: 0x12EEBA3023f272E0e477eb56204E405eC092D609 | Error: data fetching failed for identified pool type 4: multicall network error: multicall failed: 429 Too Many Requests: {"jsonrpc":"2.0","error":{"code":429,"message":"Too Many Requests"}}

FAILURE: 2025/07/06 03:06:14 Address: 0xB791Ad21ba45C76629003b4A2f04c0d544406e37 | Error: data fetching failed for identified pool type 2: multicall failed: 429 Too Many Requests: {"jsonrpc":"2.0","error":{"code":429,"message":"Too Many Requests"}}

FAILURE: 2025/07/06 03:06:14 Address: 0x99543bF98Ca1830Aa20d3Eb12c1b9962f8eaDC11 | Error: data fetching failed for identified pool type 2: multicall network error: multicall failed: 429 Too Many Requests: {"jsonrpc":"2.0","error":{"code":429,"message":"Too Many Requests"}}

FAILURE: 2025/07/06 03:06:29 Address: 0xca0d72dc8A90Cf375BF4b6C4619006E4E4FA675F | Error: data fetching failed for identified pool type 1: multicall network error: multicall failed: 429 Too Many Requests: {"jsonrpc":"2.0","error":{"code":429,"message":"Too Many Requests"}}

FAILURE: 2025/07/06 03:07:14 Address: 0x5cbddc44F31067dF328aA7a8Da03aCa6F2EdD2aD | Error: data fetching failed for identified pool type 2: multicall failed: 429 Too Many Requests: {"jsonrpc":"2.0","error":{"code":429,"message":"Too Many Requests"}}

FAILURE: 2025/07/06 03:08:15 Address: 0x05A7FcB0bDe0dd3ECA399d7C148A2a51bd8297B8 | Error: data fetching failed for identified pool type 1: multicall failed: 429 Too Many Requests: {"jsonrpc":"2.0","error":{"code":429,"message":"Too Many Requests"}}

FAILURE: 2025/07/06 03:08:30 Address: 0xBBd570083B9A12be96f0F5Bd5890aD65A502a928 | Error: data fetching failed for identified pool type 1: multicall network error: multicall failed: 429 Too Many Requests: {"jsonrpc":"2.0","error":{"code":429,"message":"Too Many Requests"}}

FAILURE: 2025/07/06 03:09:16 Address: 0x1106dB7165A8d4a8559B441eCdEe14a5d5070DbC | Error: data fetching failed for identified pool type 4: multicall network error: multicall failed: 429 Too Many Requests: {"jsonrpc":"2.0","error":{"code":429,"message":"Too Many Requests"}}

FAILURE: 2025/07/06 03:09:46 Address: 0x5a6ec6Af9360d883975ea6dc4FE36a22bF8026EB | Error: data fetching failed for identified pool type 2: multicall failed: 429 Too Many Requests: {"jsonrpc":"2.0","error":{"code":429,"message":"Too Many Requests"}}

FAILURE: 2025/07/06 03:09:46 Address: 0xdEb89DE4bb6ecf5BFeD581EB049308b52d9b2Da7 | Error: data fetching failed for identified pool type 4: multicall network error: multicall failed: 429 Too Many Requests: {"jsonrpc":"2.0","error":{"code":429,"message":"Too Many Requests"}}

FAILURE: 2025/07/06 03:09:46 Address: 0x8BD39fA8608fd949C253987767540c26a0D974CF | Error: data fetching failed for identified pool type 2: multicall failed: 429 Too Many Requests: {"jsonrpc":"2.0","error":{"code":429,"message":"Too Many Requests"}}

FAILURE: 2025/07/06 03:10:01 Address: 0x103B03051Bf073c44DECfAF8dFd12275254AB97E | Error: data fetching failed for identified pool type 1: multicall network error: multicall failed: 429 Too Many Requests: {"jsonrpc":"2.0","error":{"code":429,"message":"Too Many Requests"}}

FAILURE: 2025/07/06 03:13:47 Address: 0xc933dCaa61E12929aA5c2379a6004026fA181CF5 | Error: data fetching failed for identified pool type 1: multicall failed: 429 Too Many Requests: {"jsonrpc":"2.0","error":{"code":429,"message":"Too Many Requests"}}

FAILURE: 2025/07/06 03:17:33 Address: 0x3ccF01A3e947CA221e81c9ea65eab00eefD87348 | Error: data fetching failed for identified pool type 1: multicall failed: 429 Too Many Requests: {"jsonrpc":"2.0","error":{"code":429,"message":"Too Many Requests"}}

FAILURE: 2025/07/06 03:17:33 Address: 0x45FaE8D0D2acE73544baab452f9020925AfCCC75 | Error: data fetching failed for identified pool type 4: multicall network error: multicall failed: 429 Too Many Requests: {"jsonrpc":"2.0","error":{"code":429,"message":"Too Many Requests"}}

FAILURE: 2025/07/06 03:18:18 Address: 0x1aEEdD3727A6431b8F070C0aFaA81Cc74f273882 | Error: data fetching failed for identified pool type 2: multicall failed: 429 Too Many Requests: {"jsonrpc":"2.0","error":{"code":429,"message":"Too Many Requests"}}

FAILURE: 2025/07/06 03:18:18 Address: 0x545735a3d541201163102F10Aa715C8140DEB0c9 | Error: data fetching failed for identified pool type 1: multicall network error: multicall failed: 429 Too Many Requests: {"jsonrpc":"2.0","error":{"code":429,"message":"Too Many Requests"}}

FAILURE: 2025/07/06 03:19:34 Address: 0x89A4026E9aDE251C67b7fb38054931a39936D9C5 | Error: data fetching failed for identified pool type 2: multicall failed: 429 Too Many Requests: {"jsonrpc":"2.0","error":{"code":429,"message":"Too Many Requests"}}

FAILURE: 2025/07/06 03:19:34 Address: 0x92c63d0e701CAAe670C9415d91C474F686298f00 | Error: data fetching failed for identified pool type 2: multicall failed: 429 Too Many Requests: {"jsonrpc":"2.0","error":{"code":429,"message":"Too Many Requests"}}

FAILURE: 2025/07/06 03:19:34 Address: 0xE7C1A88DF07259b626566ddF9f27EC101361245f | Error: data fetching failed for identified pool type 2: multicall failed: 429 Too Many Requests: {"jsonrpc":"2.0","error":{"code":429,"message":"Too Many Requests"}}

FAILURE: 2025/07/06 03:19:34 Address: 0xdB9F3540955B3c5Df246Dba83b96727Fcb3424A1 | Error: data fetching failed for identified pool type 2: multicall failed: 429 Too Many Requests: {"jsonrpc":"2.0","error":{"code":429,"message":"Too Many Requests"}}

FAILURE: 2025/07/06 03:19:34 Address: 0xaEBDcA1Bc8d89177EbE2308d62af5e74885DcCc3 | Error: data fetching failed for identified pool type 2: multicall failed: 429 Too Many Requests: {"jsonrpc":"2.0","error":{"code":429,"message":"Too Many Requests"}}

FAILURE: 2025/07/06 03:19:34 Address: 0x616a2a065bFE53DA48e83E7d709fB428AA3C9F5B | Error: data fetching failed for identified pool type 2: multicall network error: multicall failed: 429 Too Many Requests: {"jsonrpc":"2.0","error":{"code":429,"message":"Too Many Requests"}}

FAILURE: 2025/07/06 03:20:49 Address: 0x6A9D961c9602fB484bA3C47c5F822b66721C9669 | Error: data fetching failed for identified pool type 2: multicall failed: 429 Too Many Requests: {"jsonrpc":"2.0","error":{"code":429,"message":"Too Many Requests"}}

FAILURE: 2025/07/06 03:20:49 Address: 0x03A33AEE5F4947B9C1CDe042C5f037D1be304Be7 | Error: data fetching failed for identified pool type 2: multicall failed: 429 Too Many Requests: {"jsonrpc":"2.0","error":{"code":429,"message":"Too Many Requests"}}

FAILURE: 2025/07/06 03:20:49 Address: 0xD1E1Ac29B31B35646EaBD77163E212b76fE3b6A2 | Error: data fetching failed for identified pool type 2: multicall failed: 429 Too Many Requests: {"jsonrpc":"2.0","error":{"code":429,"message":"Too Many Requests"}}

FAILURE: 2025/07/06 03:20:49 Address: 0x1f3572BaeE36360D23E976c244E08160523Ce7eB | Error: data fetching failed for identified pool type 4: multicall network error: multicall failed: 429 Too Many Requests: {"jsonrpc":"2.0","error":{"code":429,"message":"Too Many Requests"}}

FAILURE: 2025/07/06 03:20:49 Address: 0x268bDa82c5313E0725fa782155F426E3fF2c1D11 | Error: data fetching failed for identified pool type 1: multicall network error: multicall failed: 429 Too Many Requests: {"jsonrpc":"2.0","error":{"code":429,"message":"Too Many Requests"}}

FAILURE: 2025/07/06 03:20:49 Address: 0xBb7E7b8C1E5d08286f45878A76667F016E2F8390 | Error: data fetching failed for identified pool type 2: multicall failed: 429 Too Many Requests: {"jsonrpc":"2.0","error":{"code":429,"message":"Too Many Requests"}}

FAILURE: 2025/07/06 03:20:49 Address: 0x889af944e95788f770983062B13B5A52E367029B | Error: data fetching failed for identified pool type 2: multicall failed: 429 Too Many Requests: {"jsonrpc":"2.0","error":{"code":429,"message":"Too Many Requests"}}

FAILURE: 2025/07/06 03:20:49 Address: 0x2760cC828B2e4D04f8eC261A5335426bb22d9291 | Error: data fetching failed for identified pool type 2: multicall failed: 429 Too Many Requests: {"jsonrpc":"2.0","error":{"code":429,"message":"Too Many Requests"}}

FAILURE: 2025/07/06 03:20:49 Address: 0x7f153bDd5328Ad8e30127A1bF2E5530bED33427A | Error: data fetching failed for identified pool type 2: multicall failed: 429 Too Many Requests: {"jsonrpc":"2.0","error":{"code":429,"message":"Too Many Requests"}}

FAILURE: 2025/07/06 03:20:49 Address: 0xCb198a55e2a88841E855bE4EAcaad99422416b33 | Error: data fetching failed for identified pool type 2: multicall failed: 429 Too Many Requests: {"jsonrpc":"2.0","error":{"code":429,"message":"Too Many Requests"}}

FAILURE: 2025/07/06 03:20:49 Address: 0xF0428617433652c9dc6D1093A42AdFbF30D29f74 | Error: data fetching failed for identified pool type 2: multicall failed: 429 Too Many Requests: {"jsonrpc":"2.0","error":{"code":429,"message":"Too Many Requests"}}

FAILURE: 2025/07/06 03:20:49 Address: 0x19135368cec1dd69FE7749769975C7bE5Bbf9D84 | Error: data fetching failed for identified pool type 1: multicall network error: multicall failed: 429 Too Many Requests: {"jsonrpc":"2.0","error":{"code":429,"message":"Too Many Requests"}}

FAILURE: 2025/07/06 03:20:49 Address: 0x293DFD996d5cd72Bed712B0EEAb96DBE400c0416 | Error: data fetching failed for identified pool type 4: multicall network error: multicall failed: 429 Too Many Requests: {"jsonrpc":"2.0","error":{"code":429,"message":"Too Many Requests"}}

FAILURE: 2025/07/06 03:20:49 Address: 0xAC9a19E85A49BACc28Bd2DeeCab3cdfADBFc3e00 | Error: data fetching failed for identified pool type 2: multicall network error: multicall failed: 429 Too Many Requests: {"jsonrpc":"2.0","error":{"code":429,"message":"Too Many Requests"}}

FAILURE: 2025/07/06 03:20:49 Address: 0x97bca422Ec0Ee4851F2110eA743C1cd0a14835a1 | Error: data fetching failed for identified pool type 2: multicall network error: multicall failed: 429 Too Many Requests: {"jsonrpc":"2.0","error":{"code":429,"message":"Too Many Requests"}}

FAILURE: 2025/07/06 03:20:49 Address: 0x7CF803e8d82A50504180f417B8bC7a493C0a0503 | Error: data fetching failed for identified pool type 2: multicall network error: multicall failed: 429 Too Many Requests: {"jsonrpc":"2.0","error":{"code":429,"message":"Too Many Requests"}}

FAILURE: 2025/07/06 03:20:49 Address: 0xeE5F2E39D8aBF28E449327bfd44317FC500EB4D8 | Error: data fetching failed for identified pool type 2: multicall network error: multicall failed: 429 Too Many Requests: {"jsonrpc":"2.0","error":{"code":429,"message":"Too Many Requests"}}

FAILURE: 2025/07/06 03:20:49 Address: 0x92fd143A8FA0C84e016C2765648B9733b0aa519e | Error: data fetching failed for identified pool type 2: multicall network error: multicall failed: 429 Too Many Requests: {"jsonrpc":"2.0","error":{"code":429,"message":"Too Many Requests"}}

FAILURE: 2025/07/06 03:20:49 Address: 0xf9901732A568e7030126E1b3676a4fcd29907B08 | Error: data fetching failed for identified pool type 1: multicall network error: multicall failed: 429 Too Many Requests: {"jsonrpc":"2.0","error":{"code":429,"message":"Too Many Requests"}}

FAILURE: 2025/07/06 03:20:49 Address: 0x5519891fA6f560fcC6861C11E9941A38de0d6eAa | Error: data fetching failed for identified pool type 2: multicall network error: multicall failed: 429 Too Many Requests: {"jsonrpc":"2.0","error":{"code":429,"message":"Too Many Requests"}}

FAILURE: 2025/07/06 03:20:49 Address: 0xB3942c9FFA04efBC1Fa746e146bE7565c76E3dC1 | Error: data fetching failed for identified pool type 2: multicall network error: multicall failed: 429 Too Many Requests: {"jsonrpc":"2.0","error":{"code":429,"message":"Too Many Requests"}}

FAILURE: 2025/07/06 03:20:49 Address: 0x689C96ceAb93f5E131631D225D75DeA3fD37747E | Error: data fetching failed for identified pool type 2: multicall network error: multicall failed: 429 Too Many Requests: {"jsonrpc":"2.0","error":{"code":429,"message":"Too Many Requests"}}

FAILURE: 2025/07/06 03:20:49 Address: 0xc23f308CF1bFA7efFFB592920a619F00990F8D74 | Error: data fetching failed for identified pool type 4: multicall network error: multicall failed: 429 Too Many Requests: {"jsonrpc":"2.0","error":{"code":429,"message":"Too Many Requests"}}

FAILURE: 2025/07/06 03:20:49 Address: 0x1EbCF8831b93450eA81b0619c5e05b98751c8322 | Error: data fetching failed for identified pool type 2: multicall network error: multicall failed: 429 Too Many Requests: {"jsonrpc":"2.0","error":{"code":429,"message":"Too Many Requests"}}

FAILURE: 2025/07/06 03:20:49 Address: 0x7e9cb8aD4a7683070E233F3Eb1D07d87272b9b26 | Error: data fetching failed for identified pool type 2: multicall network error: multicall failed: 429 Too Many Requests: {"jsonrpc":"2.0","error":{"code":429,"message":"Too Many Requests"}}

FAILURE: 2025/07/06 03:20:49 Address: 0x36c2C0f4C56A3B5beed4994D4aB67D2C9b7bDF6B | Error: data fetching failed for identified pool type 4: multicall network error: multicall failed: 429 Too Many Requests: {"jsonrpc":"2.0","error":{"code":429,"message":"Too Many Requests"}}

FAILURE: 2025/07/06 03:20:49 Address: 0xC5B6cA4214eda9B23F0850B43CAE731CC771b13c | Error: data fetching failed for identified pool type 2: multicall network error: multicall failed: 429 Too Many Requests: {"jsonrpc":"2.0","error":{"code":429,"message":"Too Many Requests"}}

FAILURE: 2025/07/06 03:20:49 Address: 0x7999bF8C5e4c91c79b4F7a14D415a44287a020d1 | Error: data fetching failed for identified pool type 2: multicall network error: multicall failed: 429 Too Many Requests: {"jsonrpc":"2.0","error":{"code":429,"message":"Too Many Requests"}}

FAILURE: 2025/07/06 03:20:49 Address: 0x31a45D8d75d95c140a51652A526BCca2A3cB3B5a | Error: data fetching failed for identified pool type 2: multicall network error: multicall failed: 429 Too Many Requests: {"jsonrpc":"2.0","error":{"code":429,"message":"Too Many Requests"}}

FAILURE: 2025/07/06 03:20:49 Address: 0xF05a084075072b4Cf113D97fc793d8f403f98269 | Error: data fetching failed for identified pool type 2: multicall network error: multicall failed: 429 Too Many Requests: {"jsonrpc":"2.0","error":{"code":429,"message":"Too Many Requests"}}

FAILURE: 2025/07/06 03:21:19 Address: 0xEF1592AC340EFB44ee6E0f1740b6a476fef1A5D6 | Error: data fetching failed for identified pool type 2: multicall failed: 429 Too Many Requests: {"jsonrpc":"2.0","error":{"code":429,"message":"Too Many Requests"}}

FAILURE: 2025/07/06 03:21:19 Address: 0xe24F62341D84D11078188d83cA3be118193D6389 | Error: data fetching failed for identified pool type 2: multicall failed: 429 Too Many Requests: {"jsonrpc":"2.0","error":{"code":429,"message":"Too Many Requests"}}

FAILURE: 2025/07/06 03:21:19 Address: 0xEC8151f44c57a2c1b9bDfD22fcF5054983542197 | Error: data fetching failed for identified pool type 2: multicall failed: 429 Too Many Requests: {"jsonrpc":"2.0","error":{"code":429,"message":"Too Many Requests"}}

FAILURE: 2025/07/06 03:21:19 Address: 0x28DFa7ADaBff80FDf4fFD7db0C0796Fb86d26700 | Error: data fetching failed for identified pool type 2: multicall failed: 429 Too Many Requests: {"jsonrpc":"2.0","error":{"code":429,"message":"Too Many Requests"}}

FAILURE: 2025/07/06 03:21:19 Address: 0xb435ebfE0BF4CE66810AA4d44e3a5CA875D40DB1 | Error: data fetching failed for identified pool type 2: multicall failed: 429 Too Many Requests: {"jsonrpc":"2.0","error":{"code":429,"message":"Too Many Requests"}}

FAILURE: 2025/07/06 03:21:19 Address: 0xdb3D8a8eB6a3546160C60d907DDf60057a07b1fF | Error: data fetching failed for identified pool type 2: multicall failed: 429 Too Many Requests: {"jsonrpc":"2.0","error":{"code":429,"message":"Too Many Requests"}}

FAILURE: 2025/07/06 03:22:19 Address: 0xD8043be1668FAc205B9747E46D0C26c1Eae2708f | Error: data fetching failed for identified pool type 4: multicall failed: 429 Too Many Requests: {"jsonrpc":"2.0","error":{"code":429,"message":"Too Many Requests"}}

FAILURE: 2025/07/06 03:24:34 Address: 0x3Db70832F48F8c01ee041671f7BB1cfaA2677584 | Error: data fetching failed for identified pool type 2: multicall failed: 429 Too Many Requests: {"jsonrpc":"2.0","error":{"code":429,"message":"Too Many Requests"}}

FAILURE: 2025/07/06 03:24:35 Address: 0x49768b215014faC2C66680B03045fe32936b21e6 | Error: data fetching failed for identified pool type 2: multicall network error: multicall failed: 429 Too Many Requests: {"jsonrpc":"2.0","error":{"code":429,"message":"Too Many Requests"}}

FAILURE: 2025/07/06 03:25:49 Address: 0x96e43Ba4eA82f7dA60466f7c5A58aeb2BAcCDA7d | Error: data fetching failed for identified pool type 2: multicall failed: 429 Too Many Requests: {"jsonrpc":"2.0","error":{"code":429,"message":"Too Many Requests"}}

FAILURE: 2025/07/06 03:25:49 Address: 0xB12f8B99922D810d6A653dF96474201e018B8d78 | Error: data fetching failed for identified pool type 2: multicall failed: 429 Too Many Requests: {"jsonrpc":"2.0","error":{"code":429,"message":"Too Many Requests"}}

FAILURE: 2025/07/06 03:26:35 Address: 0x521aa84ab3fcc4c05cABaC24Dc3682339887B126 | Error: data fetching failed for identified pool type 4: multicall failed: 429 Too Many Requests: {"jsonrpc":"2.0","error":{"code":429,"message":"Too Many Requests"}}

FAILURE: 2025/07/06 03:26:35 Address: 0x630Dd0E91043374eaA18A9B7722cC716D6a26147 | Error: data fetching failed for identified pool type 2: multicall failed: 429 Too Many Requests: {"jsonrpc":"2.0","error":{"code":429,"message":"Too Many Requests"}}

FAILURE: 2025/07/06 03:26:35 Address: 0x43994B979F67B0c51687b3d167b8dC9c6ED304F5 | Error: data fetching failed for identified pool type 4: multicall network error: multicall failed: 429 Too Many Requests: {"jsonrpc":"2.0","error":{"code":429,"message":"Too Many Requests"}}

FAILURE: 2025/07/06 03:28:08 Address: 0xa30dF5B6c47862CBdc82D9f334D5D7CCe97FBF6c | Error: data fetching failed for identified pool type 2: multicall failed: 429 Too Many Requests: {"jsonrpc":"2.0","error":{"code":429,"message":"Too Many Requests"}}

FAILURE: 2025/07/06 03:29:05 Address: 0xAD393D33b23dc293c5A992862E00d9f52d3aB4E4 | Error: data fetching failed for identified pool type 1: multicall failed: 429 Too Many Requests: {"jsonrpc":"2.0","error":{"code":429,"message":"Too Many Requests"}}

FAILURE: 2025/07/06 03:29:05 Address: 0xd8f9F34579E586F8B2b192412d2B67aFA23f6339 | Error: data fetching failed for identified pool type 2: multicall failed: 429 Too Many Requests: {"jsonrpc":"2.0","error":{"code":429,"message":"Too Many Requests"}}

FAILURE: 2025/07/06 03:29:05 Address: 0x6AF703F66E5468281e3dc582bE08D659a8c477CF | Error: data fetching failed for identified pool type 4: multicall failed: 429 Too Many Requests: {"jsonrpc":"2.0","error":{"code":429,"message":"Too Many Requests"}}

FAILURE: 2025/07/06 03:29:05 Address: 0x44aF8d03393e498EeC5FcFc7936EBc381F02974d | Error: data fetching failed for identified pool type 2: multicall failed: 429 Too Many Requests: {"jsonrpc":"2.0","error":{"code":429,"message":"Too Many Requests"}}

FAILURE: 2025/07/06 10:00:42 Address: 0xe4C994f55cAC42830cC6016D18f07744cEd0aa5D | Error: data fetching failed for identified pool type 1: multicall failed: 429 Too Many Requests: {"jsonrpc":"2.0","error":{"code":429,"message":"Too Many Requests"}}

FAILURE: 2025/07/06 10:00:42 Address: 0x3497C179a65bc46cD61fCc8f21EaFeFCB5BB1CbE | Error: data fetching failed for identified pool type 4: multicall failed: 429 Too Many Requests: {"jsonrpc":"2.0","error":{"code":429,"message":"Too Many Requests"}}

FAILURE: 2025/07/06 10:00:59 Address: 0x7999bF8C5e4c91c79b4F7a14D415a44287a020d1 | Error: data fetching failed for identified pool type 2: multicall failed: 429 Too Many Requests: {"jsonrpc":"2.0","error":{"code":429,"message":"Too Many Requests"}}

FAILURE: 2025/07/06 10:00:59 Address: 0xe331bE1EB677e3b3B047274757f992369d9c319e | Error: data fetching failed for identified pool type 2: multicall failed: 429 Too Many Requests: {"jsonrpc":"2.0","error":{"code":429,"message":"Too Many Requests"}}

FAILURE: 2025/07/06 10:30:33 Address: 0x515e252b2b5c22b4b2b6Df66c2eBeeA871AA4d69 | Error: data fetching failed for identified pool type 1: multicall failed: 429 Too Many Requests: {"jsonrpc":"2.0","error":{"code":429,"message":"Public RPC Rate Limit Hit, limit will reset in 60 seconds"}}
FAILURE: 2025/07/06 10:30:42 Address: 0x796F20B8AA591A26A5B594cf5d6FB83187b5b988 | Error: data fetching failed for identified pool type 2: multicall failed: 429 Too Many Requests: {"jsonrpc":"2.0","error":{"code":429,"message":"Public RPC Rate Limit Hit, limit will reset in 60 seconds"}}
FAILURE: 2025/07/06 10:30:58 Address: 0x7f153bDd5328Ad8e30127A1bF2E5530bED33427A | Error: data fetching failed for identified pool type 2: multicall failed: 429 Too Many Requests: {"jsonrpc":"2.0","error":{"code":429,"message":"Public RPC Rate Limit Hit, limit will reset in 60 seconds"}}
FAILURE: 2025/07/06 10:30:58 Address: 0x468b88941e7Cc0B88c1869d68ab6b570bCEF62Ff | Error: data fetching failed for identified pool type 2: multicall failed: 429 Too Many Requests: {"jsonrpc":"2.0","error":{"code":429,"message":"Public RPC Rate Limit Hit, limit will reset in 60 seconds"}}
FAILURE: 2025/07/06 10:30:58 Address: 0x9D02Ed49267AADE9832A90337839512F6b71339d | Error: data fetching failed for identified pool type 1: multicall failed: 429 Too Many Requests: {"jsonrpc":"2.0","error":{"code":429,"message":"Public RPC Rate Limit Hit, limit will reset in 60 seconds"}}
FAILURE: 2025/07/06 10:36:44 Address: 0xFE5A433bceE3ac8147695521Aa383F41C116A10D | Error: data fetching failed for identified pool type 1: multicall failed: 429 Too Many Requests: {"jsonrpc":"2.0","error":{"code":429,"message":"Public RPC Rate Limit Hit, limit will reset in 60 seconds"}}
FAILURE: 2025/07/06 10:37:12 Address: 0x4237FD25a3BC078F5Ec86Ce169F8082cF65b4Af4 | Error: data fetching failed for identified pool type 1: multicall failed: 429 Too Many Requests: {"jsonrpc":"2.0","error":{"code":429,"message":"Public RPC Rate Limit Hit, limit will reset in 60 seconds"}}
FAILURE: 2025/07/06 10:37:12 Address: 0x25A9Ea8B6698782Ecd3707bb7626e606C46D75dd | Error: data fetching failed for identified pool type 4: multicall failed: 429 Too Many Requests: {"jsonrpc":"2.0","error":{"code":429,"message":"Public RPC Rate Limit Hit, limit will reset in 60 seconds"}}
FAILURE: 2025/07/06 11:17:46 Address: 0x1F36DF79705999284c7F7716860AA40fc4D3a500 | Error: data fetching failed for identified pool type 2: multicall failed: 429 Too Many Requests: {"jsonrpc":"2.0","error":{"code":429,"message":"Public RPC Rate Limit Hit, limit will reset in 60 seconds"}}
FAILURE: 2025/07/06 11:18:00 Address: 0x68C685Fd52A56f04665b491D491355a624540e85 | Error: data fetching failed for identified pool type 2: multicall failed: 429 Too Many Requests: {"jsonrpc":"2.0","error":{"code":429,"message":"Public RPC Rate Limit Hit, limit will reset in 60 seconds"}}
FAILURE: 2025/07/06 11:18:43 Address: 0x467f4B89CD73fa2984d299DB9a743137DD774eB7 | Error: data fetching failed for identified pool type 2: multicall failed: 429 Too Many Requests: {"jsonrpc":"2.0","error":{"code":429,"message":"Too Many Requests"}}

FAILURE: 2025/07/06 11:21:54 Address: 0x9D59FE772Ad1784D5Ef020EB5c6883a109b820ea | Error: data fetching failed for identified pool type 1: multicall failed: 429 Too Many Requests: {"jsonrpc":"2.0","error":{"code":429,"message":"Public RPC Rate Limit Hit, limit will reset in 60 seconds"}}
FAILURE: 2025/07/06 11:24:30 Address: 0x929fcf81102c5577243Ee614c2c455ACd6681F1A | Error: data fetching failed for identified pool type 2: multicall network error: multicall failed: 429 Too Many Requests: {"jsonrpc":"2.0","error":{"code":429,"message":"Too Many Requests"}}

FAILURE: 2025/07/06 11:26:29 Address: 0x3b7fb1B00C332574B1055296A7e65E4Ef55214e1 | Error: data fetching failed for identified pool type 2: multicall failed: 429 Too Many Requests: {"jsonrpc":"2.0","error":{"code":429,"message":"Public RPC Rate Limit Hit, limit will reset in 60 seconds"}}
FAILURE: 2025/07/06 11:26:30 Address: 0x339f2524d5c7cd040b714e4BCc7eb9C4BF2f89fc | Error: data fetching failed for identified pool type 1: multicall failed: 429 Too Many Requests: {"jsonrpc":"2.0","error":{"code":429,"message":"Public RPC Rate Limit Hit, limit will reset in 60 seconds"}}
FAILURE: 2025/07/06 13:22:15 Address: 0xF782cd5748BfC21d30b03174BB3E30FDd111a897 | Error: data fetching failed for identified pool type 2: multicall failed: 429 Too Many Requests: {"jsonrpc":"2.0","error":{"code":429,"message":"Too Many Requests"}}

FAILURE: 2025/07/06 13:22:37 Address: 0xEB1f77a0ECa759c226D442F9ae5249121a555129 | Error: data fetching failed for identified pool type 2: multicall failed: 429 Too Many Requests: {"jsonrpc":"2.0","error":{"code":429,"message":"Too Many Requests"}}

FAILURE: 2025/07/06 13:22:51 Address: 0xA7303e1e87DD3d6f6816827c795D750f1309C9De | Error: data fetching failed for identified pool type 2: multicall failed: 429 Too Many Requests: {"jsonrpc":"2.0","error":{"code":429,"message":"Too Many Requests"}}

FAILURE: 2025/07/06 13:23:07 Address: 0xAC9a19E85A49BACc28Bd2DeeCab3cdfADBFc3e00 | Error: data fetching failed for identified pool type 2: multicall failed: 429 Too Many Requests: {"jsonrpc":"2.0","error":{"code":429,"message":"Public RPC Rate Limit Hit, limit will reset in 60 seconds"}}
FAILURE: 2025/07/06 13:23:07 Address: 0x268bDa82c5313E0725fa782155F426E3fF2c1D11 | Error: data fetching failed for identified pool type 1: multicall failed: 429 Too Many Requests: {"jsonrpc":"2.0","error":{"code":429,"message":"Public RPC Rate Limit Hit, limit will reset in 60 seconds"}}
FAILURE: 2025/07/06 13:23:10 Address: 0xdaf544bCAB17E2dCD293C3Af28e67C7E8b5A49EE | Error: data fetching failed for identified pool type 2: multicall failed: 429 Too Many Requests: {"jsonrpc":"2.0","error":{"code":429,"message":"Public RPC Rate Limit Hit, limit will reset in 60 seconds"}}
FAILURE: 2025/07/06 13:23:11 Address: 0x3B7C8de2Cf66059b85025F170b58CAD84d361Fe1 | Error: data fetching failed for identified pool type 2: multicall failed: 429 Too Many Requests: {"jsonrpc":"2.0","error":{"code":429,"message":"Public RPC Rate Limit Hit, limit will reset in 60 seconds"}}
FAILURE: 2025/07/06 13:23:13 Address: 0x2af377fC46be2e14Ec770EdCd026679B4030aFcd | Error: data fetching failed for identified pool type 1: multicall failed: 429 Too Many Requests: {"jsonrpc":"2.0","error":{"code":429,"message":"Public RPC Rate Limit Hit, limit will reset in 60 seconds"}}
FAILURE: 2025/07/06 13:23:14 Address: 0x42d7C8302a746F98Ec74F0DbC95fC39B46C1abb6 | Error: data fetching failed for identified pool type 2: multicall failed: 429 Too Many Requests: {"jsonrpc":"2.0","error":{"code":429,"message":"Public RPC Rate Limit Hit, limit will reset in 60 seconds"}}
FAILURE: 2025/07/06 13:23:18 Address: 0x468b88941e7Cc0B88c1869d68ab6b570bCEF62Ff | Error: data fetching failed for identified pool type 2: multicall failed: 429 Too Many Requests: {"jsonrpc":"2.0","error":{"code":429,"message":"Public RPC Rate Limit Hit, limit will reset in 60 seconds"}}
FAILURE: 2025/07/06 13:23:23 Address: 0x6E3ED92B4E2DAdcd81AF83155145CC6913041962 | Error: data fetching failed for identified pool type 2: multicall failed: 429 Too Many Requests: {"jsonrpc":"2.0","error":{"code":429,"message":"Public RPC Rate Limit Hit, limit will reset in 60 seconds"}}
FAILURE: 2025/07/06 13:23:25 Address: 0xa79fD76cA2b24631Ec3151f10c0660a30Bc946E7 | Error: data fetching failed for identified pool type 2: multicall failed: 429 Too Many Requests: {"jsonrpc":"2.0","error":{"code":429,"message":"Public RPC Rate Limit Hit, limit will reset in 60 seconds"}}
FAILURE: 2025/07/06 13:23:26 Address: 0x7a11472726c3Cf31B9A4C6900118AACd2a3E584A | Error: data fetching failed for identified pool type 2: multicall failed: 429 Too Many Requests: {"jsonrpc":"2.0","error":{"code":429,"message":"Public RPC Rate Limit Hit, limit will reset in 60 seconds"}}
FAILURE: 2025/07/06 13:23:36 Address: 0x5D7Ee14248aA7D114D582305089B72E2a46B8647 | Error: data fetching failed for identified pool type 2: multicall failed: 429 Too Many Requests: {"jsonrpc":"2.0","error":{"code":429,"message":"Public RPC Rate Limit Hit, limit will reset in 60 seconds"}}
FAILURE: 2025/07/06 13:23:36 Address: 0xE8E1714Cbc0E4C35f9d28151C227Bc437f1b159a | Error: data fetching failed for identified pool type 1: multicall failed: 429 Too Many Requests: {"jsonrpc":"2.0","error":{"code":429,"message":"Public RPC Rate Limit Hit, limit will reset in 60 seconds"}}
FAILURE: 2025/07/06 13:24:22 Address: 0x93498285C774bD9378DbddEEBF92642a9B2f4E1F | Error: data fetching failed for identified pool type 2: multicall failed: 429 Too Many Requests: {"jsonrpc":"2.0","error":{"code":429,"message":"Public RPC Rate Limit Hit, limit will reset in 60 seconds"}}
FAILURE: 2025/07/06 13:29:20 Address: 0x1Cb94adFd3314d48Ca8145b2c6983419257c0486 | Error: data fetching failed for identified pool type 1: multicall failed: 429 Too Many Requests: {"jsonrpc":"2.0","error":{"code":429,"message":"Public RPC Rate Limit Hit, limit will reset in 60 seconds"}}
FAILURE: 2025/07/06 13:29:21 Address: 0xbEC22ca49E499C752542ca242B708c97739e4bAF | Error: data fetching failed for identified pool type 2: multicall failed: 429 Too Many Requests: {"jsonrpc":"2.0","error":{"code":429,"message":"Public RPC Rate Limit Hit, limit will reset in 60 seconds"}}
FAILURE: 2025/07/06 13:29:21 Address: 0x85DF70e1636D28AB29bB81dF93B68834F4308750 | Error: data fetching failed for identified pool type 1: multicall failed: 429 Too Many Requests: {"jsonrpc":"2.0","error":{"code":429,"message":"Public RPC Rate Limit Hit, limit will reset in 60 seconds"}}
FAILURE: 2025/07/06 13:29:27 Address: 0xe60265e96300527D40F6F0065f49E2A41CaF9FCf | Error: data fetching failed for identified pool type 2: multicall failed: 429 Too Many Requests: {"jsonrpc":"2.0","error":{"code":429,"message":"Public RPC Rate Limit Hit, limit will reset in 60 seconds"}}
FAILURE: 2025/07/06 13:29:27 Address: 0xe622902Cf73B4735926fa084400209e9d0DB4c29 | Error: data fetching failed for identified pool type 2: multicall failed: 429 Too Many Requests: {"jsonrpc":"2.0","error":{"code":429,"message":"Public RPC Rate Limit Hit, limit will reset in 60 seconds"}}
FAILURE: 2025/07/06 13:29:35 Address: 0xf1c03b8174dc1DD8BC48eFC62B9C95434F524c8C | Error: data fetching failed for identified pool type 1: multicall failed: 429 Too Many Requests: {"jsonrpc":"2.0","error":{"code":429,"message":"Public RPC Rate Limit Hit, limit will reset in 60 seconds"}}
FAILURE: 2025/07/06 13:33:46 Address: 0xEB1f77a0ECa759c226D442F9ae5249121a555129 | Error: data fetching failed for identified pool type 2: multicall failed: 429 Too Many Requests: {"jsonrpc":"2.0","error":{"code":429,"message":"Too Many Requests"}}

FAILURE: 2025/07/06 13:33:48 Address: 0x18be16C0AC16438675b6a0F62f2175d4e18b5A37 | Error: data fetching failed for identified pool type 1: multicall failed: 429 Too Many Requests: {"jsonrpc":"2.0","error":{"code":429,"message":"Public RPC Rate Limit Hit, limit will reset in 60 seconds"}}
FAILURE: 2025/07/06 13:33:50 Address: 0xFB1572c8884924490cD4C9945511e4d1578FB727 | Error: data fetching failed for identified pool type 1: multicall failed: 429 Too Many Requests: {"jsonrpc":"2.0","error":{"code":429,"message":"Public RPC Rate Limit Hit, limit will reset in 60 seconds"}}
FAILURE: 2025/07/06 13:33:54 Address: 0xAC9a19E85A49BACc28Bd2DeeCab3cdfADBFc3e00 | Error: data fetching failed for identified pool type 2: multicall failed: 429 Too Many Requests: {"jsonrpc":"2.0","error":{"code":429,"message":"Public RPC Rate Limit Hit, limit will reset in 60 seconds"}}
FAILURE: 2025/07/06 13:33:55 Address: 0x101Ec5d2F85DF15df968CAEA715967F3Ab098d5E | Error: data fetching failed for identified pool type 1: multicall failed: 429 Too Many Requests: {"jsonrpc":"2.0","error":{"code":429,"message":"Public RPC Rate Limit Hit, limit will reset in 60 seconds"}}
FAILURE: 2025/07/06 13:33:56 Address: 0xa79fD76cA2b24631Ec3151f10c0660a30Bc946E7 | Error: data fetching failed for identified pool type 2: multicall failed: 429 Too Many Requests: {"jsonrpc":"2.0","error":{"code":429,"message":"Public RPC Rate Limit Hit, limit will reset in 60 seconds"}}
FAILURE: 2025/07/06 13:33:57 Address: 0xb805414F21A0B833552644fEb8226a7237Ef29F1 | Error: data fetching failed for identified pool type 1: multicall failed: 429 Too Many Requests: {"jsonrpc":"2.0","error":{"code":429,"message":"Public RPC Rate Limit Hit, limit will reset in 60 seconds"}}
FAILURE: 2025/07/06 13:33:57 Address: 0xc646680572Fc5260bA35A2c401FE879bea65AB08 | Error: data fetching failed for identified pool type 2: multicall failed: 429 Too Many Requests: {"jsonrpc":"2.0","error":{"code":429,"message":"Public RPC Rate Limit Hit, limit will reset in 60 seconds"}}
FAILURE: 2025/07/06 13:33:57 Address: 0x850054C5cd4f8A410D57B8186cF5D8B7b22D7694 | Error: data fetching failed for identified pool type 2: multicall failed: 429 Too Many Requests: {"jsonrpc":"2.0","error":{"code":429,"message":"Public RPC Rate Limit Hit, limit will reset in 60 seconds"}}
FAILURE: 2025/07/06 13:33:59 Address: 0xB07bC77c3496d9563bdc55419385feFa02473018 | Error: data fetching failed for identified pool type 2: multicall failed: 429 Too Many Requests: {"jsonrpc":"2.0","error":{"code":429,"message":"Public RPC Rate Limit Hit, limit will reset in 60 seconds"}}
FAILURE: 2025/07/06 13:34:01 Address: 0x66Fd4aE2C975706525D7bF29062D3ECCb1349b9f | Error: data fetching failed for identified pool type 1: multicall failed: 429 Too Many Requests: {"jsonrpc":"2.0","error":{"code":429,"message":"Public RPC Rate Limit Hit, limit will reset in 60 seconds"}}
FAILURE: 2025/07/06 13:34:01 Address: 0x6F10667F314498649eb2f80da244e8c6E9f031d5 | Error: data fetching failed for identified pool type 2: multicall failed: 429 Too Many Requests: {"jsonrpc":"2.0","error":{"code":429,"message":"Public RPC Rate Limit Hit, limit will reset in 60 seconds"}}
FAILURE: 2025/07/06 13:34:02 Address: 0x2af377fC46be2e14Ec770EdCd026679B4030aFcd | Error: data fetching failed for identified pool type 1: multicall failed: 429 Too Many Requests: {"jsonrpc":"2.0","error":{"code":429,"message":"Public RPC Rate Limit Hit, limit will reset in 60 seconds"}}
FAILURE: 2025/07/06 13:34:06 Address: 0x12bAdbe98e1d3db2f086BAb76847Dc61aFF05B1a | Error: data fetching failed for identified pool type 2: multicall failed: 429 Too Many Requests: {"jsonrpc":"2.0","error":{"code":429,"message":"Public RPC Rate Limit Hit, limit will reset in 60 seconds"}}
FAILURE: 2025/07/06 13:34:11 Address: 0xEe9Bf1d1e23784067bd7b0B3496f865038B766Eb | Error: data fetching failed for identified pool type 2: multicall failed: 429 Too Many Requests: {"jsonrpc":"2.0","error":{"code":429,"message":"Public RPC Rate Limit Hit, limit will reset in 60 seconds"}}
FAILURE: 2025/07/06 13:34:11 Address: 0x643ED10d2C9d5921E8157CaF94aC13CFF4EAcbC7 | Error: data fetching failed for identified pool type 1: multicall failed: 429 Too Many Requests: {"jsonrpc":"2.0","error":{"code":429,"message":"Public RPC Rate Limit Hit, limit will reset in 60 seconds"}}
FAILURE: 2025/07/06 13:34:31 Address: 0xf7C6FFA90E8f240481234fb3fe9E8F60df74ED87 | Error: data fetching failed for identified pool type 1: multicall failed: 429 Too Many Requests: {"jsonrpc":"2.0","error":{"code":429,"message":"Public RPC Rate Limit Hit, limit will reset in 60 seconds"}}
FAILURE: 2025/07/06 13:34:31 Address: 0xE145A5710Be68C3C9C50c5288909E813c5e92F4e | Error: data fetching failed for identified pool type 1: multicall failed: 429 Too Many Requests: {"jsonrpc":"2.0","error":{"code":429,"message":"Public RPC Rate Limit Hit, limit will reset in 60 seconds"}}
FAILURE: 2025/07/06 13:34:31 Address: 0x42d7C8302a746F98Ec74F0DbC95fC39B46C1abb6 | Error: data fetching failed for identified pool type 2: multicall failed: 429 Too Many Requests: {"jsonrpc":"2.0","error":{"code":429,"message":"Public RPC Rate Limit Hit, limit will reset in 60 seconds"}}
FAILURE: 2025/07/06 13:34:31 Address: 0xa6efc26dAA4bb2b9bF5D23A0bc202A2BaDC2B59E | Error: data fetching failed for identified pool type 1: multicall failed: 429 Too Many Requests: {"jsonrpc":"2.0","error":{"code":429,"message":"Public RPC Rate Limit Hit, limit will reset in 60 seconds"}}
FAILURE: 2025/07/06 13:34:31 Address: 0xA62aD78825E3a55A77823F00Fe0050F567c1e4EE | Error: data fetching failed for identified pool type 2: multicall failed: 429 Too Many Requests: {"jsonrpc":"2.0","error":{"code":429,"message":"Public RPC Rate Limit Hit, limit will reset in 60 seconds"}}
FAILURE: 2025/07/06 13:34:31 Address: 0x460c2c075340EbC19Cf4af68E5d83C194E7D21D0 | Error: data fetching failed for identified pool type 1: multicall failed: 429 Too Many Requests: {"jsonrpc":"2.0","error":{"code":429,"message":"Public RPC Rate Limit Hit, limit will reset in 60 seconds"}}
FAILURE: 2025/07/06 13:34:31 Address: 0x2408bcB8Edb820DAd4660dF627337c083EBA762a | Error: data fetching failed for identified pool type 1: multicall failed: 429 Too Many Requests: {"jsonrpc":"2.0","error":{"code":429,"message":"Public RPC Rate Limit Hit, limit will reset in 60 seconds"}}
FAILURE: 2025/07/06 13:34:31 Address: 0x9A17D97Fb5f76F44604270448Ac77D55Ac40C15c | Error: data fetching failed for identified pool type 1: multicall failed: 429 Too Many Requests: {"jsonrpc":"2.0","error":{"code":429,"message":"Public RPC Rate Limit Hit, limit will reset in 60 seconds"}}
FAILURE: 2025/07/06 13:34:57 Address: 0xe4C994f55cAC42830cC6016D18f07744cEd0aa5D | Error: data fetching failed for identified pool type 1: multicall failed: 429 Too Many Requests: {"jsonrpc":"2.0","error":{"code":429,"message":"Too Many Requests"}}

FAILURE: 2025/07/06 13:34:58 Address: 0x3497C179a65bc46cD61fCc8f21EaFeFCB5BB1CbE | Error: data fetching failed for identified pool type 4: multicall network error: multicall failed: 429 Too Many Requests: {"jsonrpc":"2.0","error":{"code":429,"message":"Too Many Requests"}}

FAILURE: 2025/07/06 13:34:58 Address: 0x84c20145916B6F3cfAa9C14c32D37d9d5887188a | Error: data fetching failed for identified pool type 2: multicall failed: 429 Too Many Requests: {"jsonrpc":"2.0","error":{"code":429,"message":"Too Many Requests"}}

FAILURE: 2025/07/06 13:34:58 Address: 0x8EC18E07dBE5E4C4FEA95E187F1Eb33b0FD3Ec18 | Error: data fetching failed for identified pool type 1: multicall failed: 429 Too Many Requests: {"jsonrpc":"2.0","error":{"code":429,"message":"Too Many Requests"}}

FAILURE: 2025/07/06 13:34:58 Address: 0x7F28b71Ae4aBeB3Aa3947B66F87CF58C6AbbA913 | Error: data fetching failed for identified pool type 2: multicall failed: 429 Too Many Requests: {"jsonrpc":"2.0","error":{"code":429,"message":"Too Many Requests"}}

FAILURE: 2025/07/06 13:34:59 Address: 0xe60265e96300527D40F6F0065f49E2A41CaF9FCf | Error: data fetching failed for identified pool type 2: multicall failed: 429 Too Many Requests: {"jsonrpc":"2.0","error":{"code":429,"message":"Too Many Requests"}}

FAILURE: 2025/07/06 13:34:59 Address: 0x53C6ca2597711Ca7a73b6921fAf4031EeDf71339 | Error: data fetching failed for identified pool type 2: multicall failed: 429 Too Many Requests: {"jsonrpc":"2.0","error":{"code":429,"message":"Too Many Requests"}}

FAILURE: 2025/07/06 13:34:59 Address: 0xe622902Cf73B4735926fa084400209e9d0DB4c29 | Error: data fetching failed for identified pool type 2: multicall failed: 429 Too Many Requests: {"jsonrpc":"2.0","error":{"code":429,"message":"Too Many Requests"}}

FAILURE: 2025/07/06 13:34:59 Address: 0xdaf544bCAB17E2dCD293C3Af28e67C7E8b5A49EE | Error: data fetching failed for identified pool type 2: multicall failed: 429 Too Many Requests: {"jsonrpc":"2.0","error":{"code":429,"message":"Too Many Requests"}}

FAILURE: 2025/07/06 13:35:00 Address: 0xe75c5310d7b963B84Ac74979A3e3163b9e14C1FB | Error: data fetching failed for identified pool type 2: multicall network error: multicall failed: 429 Too Many Requests: {"jsonrpc":"2.0","error":{"code":429,"message":"Too Many Requests"}}

FAILURE: 2025/07/06 13:50:56 Address: 0x3e93E4b407B3f11a48A9065476E88C9f642c9288 | Error: data fetching failed for identified pool type 1: multicall network error: failed to unpack call outputs at index [0]: failed to unpack 'getReserves' outputs: abi: cannot marshal in to go type: length insufficient 64 require 96
FAILURE: 2025/07/06 13:51:20 Address: 0x18be16C0AC16438675b6a0F62f2175d4e18b5A37 | Error: data fetching failed for identified pool type 1: multicall failed: 429 Too Many Requests: {"jsonrpc":"2.0","error":{"code":429,"message":"Too Many Requests"}}

FAILURE: 2025/07/06 13:51:26 Address: 0x4aB94D7F7Ad3BCd65bd3349c7E8F5c2605F69665 | Error: data fetching failed for identified pool type 2: multicall failed: 429 Too Many Requests: {"jsonrpc":"2.0","error":{"code":429,"message":"Public RPC Rate Limit Hit, limit will reset in 60 seconds"}}
FAILURE: 2025/07/06 13:51:26 Address: 0xA62aD78825E3a55A77823F00Fe0050F567c1e4EE | Error: data fetching failed for identified pool type 2: multicall failed: 429 Too Many Requests: {"jsonrpc":"2.0","error":{"code":429,"message":"Public RPC Rate Limit Hit, limit will reset in 60 seconds"}}
FAILURE: 2025/07/06 13:51:40 Address: 0x050dE6e6bB2C2E20CFDabd1F2a01176641FddC84 | Error: data fetching failed for identified pool type 2: multicall failed: 429 Too Many Requests: {"jsonrpc":"2.0","error":{"code":429,"message":"Public RPC Rate Limit Hit, limit will reset in 60 seconds"}}
FAILURE: 2025/07/06 13:52:06 Address: 0xe16270c27c2dA345A42f01d0196A38590c8fD08e | Error: data fetching failed for identified pool type 1: multicall failed: 429 Too Many Requests: {"jsonrpc":"2.0","error":{"code":429,"message":"Public RPC Rate Limit Hit, limit will reset in 60 seconds"}}
FAILURE: 2025/07/06 13:52:06 Address: 0x9A17D97Fb5f76F44604270448Ac77D55Ac40C15c | Error: data fetching failed for identified pool type 1: multicall failed: 429 Too Many Requests: {"jsonrpc":"2.0","error":{"code":429,"message":"Public RPC Rate Limit Hit, limit will reset in 60 seconds"}}
FAILURE: 2025/07/06 13:52:06 Address: 0x1698837611EEE2118DBe874eE84f3fA52eA49a52 | Error: data fetching failed for identified pool type 2: multicall failed: 429 Too Many Requests: {"jsonrpc":"2.0","error":{"code":429,"message":"Public RPC Rate Limit Hit, limit will reset in 60 seconds"}}
FAILURE: 2025/07/06 13:52:06 Address: 0x021A4E8AdCE1dd0cfAc1d8561005C1E1fFc55608 | Error: data fetching failed for identified pool type 2: multicall failed: 429 Too Many Requests: {"jsonrpc":"2.0","error":{"code":429,"message":"Public RPC Rate Limit Hit, limit will reset in 60 seconds"}}
FAILURE: 2025/07/06 13:52:06 Address: 0x101Ec5d2F85DF15df968CAEA715967F3Ab098d5E | Error: data fetching failed for identified pool type 1: multicall failed: 429 Too Many Requests: {"jsonrpc":"2.0","error":{"code":429,"message":"Public RPC Rate Limit Hit, limit will reset in 60 seconds"}}
FAILURE: 2025/07/06 13:52:06 Address: 0xa22dDa78D41844054B13d375a9E4132ebfa4C960 | Error: data fetching failed for identified pool type 1: multicall failed: 429 Too Many Requests: {"jsonrpc":"2.0","error":{"code":429,"message":"Public RPC Rate Limit Hit, limit will reset in 60 seconds"}}
FAILURE: 2025/07/06 13:52:08 Address: 0xdaf544bCAB17E2dCD293C3Af28e67C7E8b5A49EE | Error: data fetching failed for identified pool type 2: multicall failed: 429 Too Many Requests: {"jsonrpc":"2.0","error":{"code":429,"message":"Public RPC Rate Limit Hit, limit will reset in 60 seconds"}}
FAILURE: 2025/07/06 13:52:08 Address: 0x9dd93cD6D29e7D3DF510Fb2041BaC0ef6cFBEF5A | Error: data fetching failed for identified pool type 2: multicall failed: 429 Too Many Requests: {"jsonrpc":"2.0","error":{"code":429,"message":"Public RPC Rate Limit Hit, limit will reset in 60 seconds"}}
FAILURE: 2025/07/06 13:52:08 Address: 0x8971dFb268B961a9270632f28B24F2f637c94244 | Error: data fetching failed for identified pool type 1: multicall failed: 429 Too Many Requests: {"jsonrpc":"2.0","error":{"code":429,"message":"Public RPC Rate Limit Hit, limit will reset in 60 seconds"}}
FAILURE: 2025/07/06 13:52:08 Address: 0x8f0e6d286CeE76F8866DFb2595D1c103Fd7B13D8 | Error: data fetching failed for identified pool type 2: multicall failed: 429 Too Many Requests: {"jsonrpc":"2.0","error":{"code":429,"message":"Public RPC Rate Limit Hit, limit will reset in 60 seconds"}}
FAILURE: 2025/07/06 13:52:08 Address: 0xbEC22ca49E499C752542ca242B708c97739e4bAF | Error: data fetching failed for identified pool type 2: multicall failed: 429 Too Many Requests: {"jsonrpc":"2.0","error":{"code":429,"message":"Public RPC Rate Limit Hit, limit will reset in 60 seconds"}}
FAILURE: 2025/07/06 13:52:08 Address: 0x39Fb5888789D6953D45bA801dfa32789E8eb8f43 | Error: data fetching failed for identified pool type 1: multicall failed: 429 Too Many Requests: {"jsonrpc":"2.0","error":{"code":429,"message":"Public RPC Rate Limit Hit, limit will reset in 60 seconds"}}
FAILURE: 2025/07/06 13:52:08 Address: 0xd7D73D0d07c3c1FCEb8a493AbDa1773d23643f13 | Error: data fetching failed for identified pool type 1: multicall failed: 429 Too Many Requests: {"jsonrpc":"2.0","error":{"code":429,"message":"Public RPC Rate Limit Hit, limit will reset in 60 seconds"}}
FAILURE: 2025/07/06 13:52:08 Address: 0x41aaB17A2c529bD4eF93914526876D005683cBD1 | Error: data fetching failed for identified pool type 2: multicall failed: 429 Too Many Requests: {"jsonrpc":"2.0","error":{"code":429,"message":"Public RPC Rate Limit Hit, limit will reset in 60 seconds"}}
FAILURE: 2025/07/06 13:52:12 Address: 0x755F72D7F22eFaeD6E00E589a8C7bD95A666fEF0 | Error: data fetching failed for identified pool type 1: multicall failed: 429 Too Many Requests: {"jsonrpc":"2.0","error":{"code":429,"message":"Public RPC Rate Limit Hit, limit will reset in 60 seconds"}}
FAILURE: 2025/07/06 13:53:18 Address: 0x04a8CDDBB62E3499C8E84CcF77192eD6292Bf29d | Error: data fetching failed for identified pool type 2: multicall failed: 429 Too Many Requests: {"jsonrpc":"2.0","error":{"code":429,"message":"Public RPC Rate Limit Hit, limit will reset in 60 seconds"}}
FAILURE: 2025/07/06 13:53:36 Address: 0xf7C6FFA90E8f240481234fb3fe9E8F60df74ED87 | Error: data fetching failed for identified pool type 1: multicall failed: 429 Too Many Requests: {"jsonrpc":"2.0","error":{"code":429,"message":"Public RPC Rate Limit Hit, limit will reset in 60 seconds"}}
FAILURE: 2025/07/06 13:53:52 Address: 0x99dFc0126ED31E0169fc32dB6B89adF9FeE9a77e | Error: data fetching failed for identified pool type 2: multicall failed: 429 Too Many Requests: {"jsonrpc":"2.0","error":{"code":429,"message":"Public RPC Rate Limit Hit, limit will reset in 60 seconds"}}
FAILURE: 2025/07/06 13:53:52 Address: 0x27807dD7ADF218e1f4d885d54eD51C70eFb9dE50 | Error: data fetching failed for identified pool type 2: multicall failed: 429 Too Many Requests: {"jsonrpc":"2.0","error":{"code":429,"message":"Public RPC Rate Limit Hit, limit will reset in 60 seconds"}}
FAILURE: 2025/07/06 13:54:08 Address: 0xEFd07239232e19D78e603122119637506aEb21a1 | Error: data fetching failed for identified pool type 2: multicall failed: 429 Too Many Requests: {"jsonrpc":"2.0","error":{"code":429,"message":"Too Many Requests"}}

FAILURE: 2025/07/06 13:55:20 Address: 0xb63458AF00830dD048c0054212C2b3C2172d37d7 | Error: data fetching failed for identified pool type 2: multicall failed: 429 Too Many Requests: {"jsonrpc":"2.0","error":{"code":429,"message":"Public RPC Rate Limit Hit, limit will reset in 60 seconds"}}
FAILURE: 2025/07/06 13:55:20 Address: 0x65C64d0AB82fB7f8322d86ef98449bECD6936fc2 | Error: data fetching failed for identified pool type 2: multicall failed: 429 Too Many Requests: {"jsonrpc":"2.0","error":{"code":429,"message":"Public RPC Rate Limit Hit, limit will reset in 60 seconds"}}
FAILURE: 2025/07/06 13:56:00 Address: 0x8730AED85f756c47f3D90e7Aa98172D8D81301dC | Error: data fetching failed for identified pool type 2: multicall failed: 429 Too Many Requests: {"jsonrpc":"2.0","error":{"code":429,"message":"Public RPC Rate Limit Hit, limit will reset in 60 seconds"}}
FAILURE: 2025/07/06 13:56:02 Address: 0xe4Bc493CaA8883f21F2311ad2bBeEd8c38678a80 | Error: data fetching failed for identified pool type 2: multicall failed: 429 Too Many Requests: {"jsonrpc":"2.0","error":{"code":429,"message":"Public RPC Rate Limit Hit, limit will reset in 60 seconds"}}
FAILURE: 2025/07/06 13:56:42 Address: 0xFf13348778cc2cEd614F6F73A8e488AC11292f25 | Error: data fetching failed for identified pool type 1: multicall failed: 429 Too Many Requests: {"jsonrpc":"2.0","error":{"code":429,"message":"Public RPC Rate Limit Hit, limit will reset in 60 seconds"}}
FAILURE: 2025/07/06 13:56:53 Address: 0xCA46EDB58Da1286D3AC4F740a4180a19fFD2EeD9 | Error: data fetching failed for identified pool type 1: multicall failed: 429 Too Many Requests: {"jsonrpc":"2.0","error":{"code":429,"message":"Public RPC Rate Limit Hit, limit will reset in 60 seconds"}}
FAILURE: 2025/07/06 13:56:54 Address: 0xBa06c51c44E087131249665e31719645641e5268 | Error: data fetching failed for identified pool type 1: multicall failed: 429 Too Many Requests: {"jsonrpc":"2.0","error":{"code":429,"message":"Public RPC Rate Limit Hit, limit will reset in 60 seconds"}}
FAILURE: 2025/07/06 14:17:13 Address: 0xe6D854fb3A16e549e62425C4f3ab9b704D9Af008 | Error: data fetching failed for identified pool type 4: multicall failed: 429 Too Many Requests: {"jsonrpc":"2.0","error":{"code":429,"message":"Public RPC Rate Limit Hit, limit will reset in 60 seconds"}}
FAILURE: 2025/07/06 14:17:17 Address: 0xf73b1c3eB535cDaAb354FB83E6042a8d9a70b24b | Error: data fetching failed for identified pool type 1: multicall failed: 429 Too Many Requests: {"jsonrpc":"2.0","error":{"code":429,"message":"Public RPC Rate Limit Hit, limit will reset in 60 seconds"}}
FAILURE: 2025/07/06 14:17:42 Address: 0x29BB566b8AeF8B961d6aa90ee28a6889Bc94F5D9 | Error: data fetching failed for identified pool type 1: multicall failed: 429 Too Many Requests: {"jsonrpc":"2.0","error":{"code":429,"message":"Public RPC Rate Limit Hit, limit will reset in 60 seconds"}}
FAILURE: 2025/07/06 14:17:58 Address: 0x34cECAcb49EE78CC815094ff2fDF5695B8350af6 | Error: data fetching failed for identified pool type 1: multicall failed: 429 Too Many Requests: {"jsonrpc":"2.0","error":{"code":429,"message":"Public RPC Rate Limit Hit, limit will reset in 60 seconds"}}
FAILURE: 2025/07/06 14:20:15 Address: 0xA98e516ED8c66B580aaD6103858B69467dB5F13a | Error: data fetching failed for identified pool type 1: multicall failed: 429 Too Many Requests: {"jsonrpc":"2.0","error":{"code":429,"message":"Public RPC Rate Limit Hit, limit will reset in 60 seconds"}}
FAILURE: 2025/07/06 14:21:25 Address: 0x3A0BA6652fBf4657d033bDb5d9463c84d04a551D | Error: data fetching failed for identified pool type 2: multicall failed: 429 Too Many Requests: {"jsonrpc":"2.0","error":{"code":429,"message":"Public RPC Rate Limit Hit, limit will reset in 60 seconds"}}
FAILURE: 2025/07/06 14:22:05 Address: 0x4Da74a33A04551554f6405619DC4e7b71E3E8C9b | Error: data fetching failed for identified pool type 2: multicall failed: 429 Too Many Requests: {"jsonrpc":"2.0","error":{"code":429,"message":"Public RPC Rate Limit Hit, limit will reset in 60 seconds"}}
FAILURE: 2025/07/06 14:24:11 Address: 0xf66B8965260Cb265DDf6bFfe70a3da9243B72bad | Error: data fetching failed for identified pool type 1: multicall failed: 429 Too Many Requests: {"jsonrpc":"2.0","error":{"code":429,"message":"Public RPC Rate Limit Hit, limit will reset in 60 seconds"}}
FAILURE: 2025/07/06 14:24:46 Address: 0x90FF2b6b6a2eb3C68D883bc276F6736b1262fa50 | Error: data fetching failed for identified pool type 1: multicall network error: multicall failed: 429 Too Many Requests: {"jsonrpc":"2.0","error":{"code":429,"message":"Too Many Requests"}}

FAILURE: 2025/07/06 14:25:16 Address: 0x8c1D83A25eE2dA1643A5d937562682b1aC6C856B | Error: data fetching failed for identified pool type 1: multicall failed: 429 Too Many Requests: {"jsonrpc":"2.0","error":{"code":429,"message":"Too Many Requests"}}

FAILURE: 2025/07/06 14:25:16 Address: 0x58C00CD537b7f86E0B6D0F3fD4D88C6f14622C1A | Error: data fetching failed for identified pool type 1: multicall failed: 429 Too Many Requests: {"jsonrpc":"2.0","error":{"code":429,"message":"Too Many Requests"}}

FAILURE: 2025/07/06 14:25:56 Address: 0xc3a0ED05D83fDA5067377e44a8f9B6263E207fB2 | Error: PoolTypeChecker contract call failed: You've exceeded the RPS limit available on the current plan. Learn more how to increase the limit, visit https://docs.chainstack.com/docs/pricing-introduction#rate-limits.
FAILURE: 2025/07/06 14:25:56 Address: 0x60E3181c617Eb6EF4e880F036B4C9B2d4A8b2C8f | Error: PoolTypeChecker contract call failed: You've exceeded the RPS limit available on the current plan. Learn more how to increase the limit, visit https://docs.chainstack.com/docs/pricing-introduction#rate-limits.
FAILURE: 2025/07/06 14:25:56 Address: 0xCF88710E652310f1E28b7b124C7d7D3b21E94CFa | Error: PoolTypeChecker contract call failed: You've exceeded the RPS limit available on the current plan. Learn more how to increase the limit, visit https://docs.chainstack.com/docs/pricing-introduction#rate-limits.
FAILURE: 2025/07/06 14:25:56 Address: 0xF0f5184e525dCA6610cA8095c51efF97727c5E76 | Error: PoolTypeChecker contract call failed: You've exceeded the RPS limit available on the current plan. Learn more how to increase the limit, visit https://docs.chainstack.com/docs/pricing-introduction#rate-limits.
FAILURE: 2025/07/06 14:25:56 Address: 0xa7209EC4D7dD1c35a088013456c453A113Cf0E04 | Error: PoolTypeChecker contract call failed: You've exceeded the RPS limit available on the current plan. Learn more how to increase the limit, visit https://docs.chainstack.com/docs/pricing-introduction#rate-limits.
FAILURE: 2025/07/06 14:25:56 Address: 0x7D94A201375e5aB036de4C3365fF7090A0EB26a6 | Error: PoolTypeChecker contract call failed: You've exceeded the RPS limit available on the current plan. Learn more how to increase the limit, visit https://docs.chainstack.com/docs/pricing-introduction#rate-limits.
FAILURE: 2025/07/06 14:25:56 Address: 0xDF1d805B45eAff07a20E27a7E9eB60cA124B9cA9 | Error: PoolTypeChecker contract call failed: You've exceeded the RPS limit available on the current plan. Learn more how to increase the limit, visit https://docs.chainstack.com/docs/pricing-introduction#rate-limits.
FAILURE: 2025/07/06 14:25:56 Address: 0xa62A0ecBc314a2739deEC41eab457cBEB19B9cD7 | Error: PoolTypeChecker contract call failed: You've exceeded the RPS limit available on the current plan. Learn more how to increase the limit, visit https://docs.chainstack.com/docs/pricing-introduction#rate-limits.
FAILURE: 2025/07/06 14:25:56 Address: 0xDE1B76e0C8C729B4D666cF334F27f37E78996D21 | Error: PoolTypeChecker contract call failed: You've exceeded the RPS limit available on the current plan. Learn more how to increase the limit, visit https://docs.chainstack.com/docs/pricing-introduction#rate-limits.
FAILURE: 2025/07/06 14:25:56 Address: 0xb65f3287e4FF51962F4B95C24c1592f7e07a36c5 | Error: PoolTypeChecker contract call failed: You've exceeded the RPS limit available on the current plan. Learn more how to increase the limit, visit https://docs.chainstack.com/docs/pricing-introduction#rate-limits.
FAILURE: 2025/07/06 14:25:56 Address: 0xea77F5752c2bF08Ddb1769d214E71E530A250FE9 | Error: PoolTypeChecker contract call failed: You've exceeded the RPS limit available on the current plan. Learn more how to increase the limit, visit https://docs.chainstack.com/docs/pricing-introduction#rate-limits.
FAILURE: 2025/07/06 14:25:56 Address: 0x1799Ab6f0060729cBd96b5d1010856fCBcEefFb2 | Error: PoolTypeChecker contract call failed: You've exceeded the RPS limit available on the current plan. Learn more how to increase the limit, visit https://docs.chainstack.com/docs/pricing-introduction#rate-limits.
FAILURE: 2025/07/06 14:25:56 Address: 0x6eaC1CCB1AF48aB8796574CCF0CBA111c03BcC48 | Error: PoolTypeChecker contract call failed: You've exceeded the RPS limit available on the current plan. Learn more how to increase the limit, visit https://docs.chainstack.com/docs/pricing-introduction#rate-limits.
FAILURE: 2025/07/06 14:25:56 Address: 0x7da99bB2B50713fbFC82a73C23549Aa3426f9d12 | Error: PoolTypeChecker contract call failed: You've exceeded the RPS limit available on the current plan. Learn more how to increase the limit, visit https://docs.chainstack.com/docs/pricing-introduction#rate-limits.
FAILURE: 2025/07/06 14:25:56 Address: 0x8F809824e16c56cA7d32B153DDDf6813A5098A38 | Error: PoolTypeChecker contract call failed: You've exceeded the RPS limit available on the current plan. Learn more how to increase the limit, visit https://docs.chainstack.com/docs/pricing-introduction#rate-limits.
FAILURE: 2025/07/06 14:25:56 Address: 0x6E1A8805Fcc4Ae461716d1547360a2BFb9B3774f | Error: PoolTypeChecker contract call failed: You've exceeded the RPS limit available on the current plan. Learn more how to increase the limit, visit https://docs.chainstack.com/docs/pricing-introduction#rate-limits.
FAILURE: 2025/07/06 14:25:56 Address: 0x7394505Db561250bB514e291013993a163302bAC | Error: PoolTypeChecker contract call failed: You've exceeded the RPS limit available on the current plan. Learn more how to increase the limit, visit https://docs.chainstack.com/docs/pricing-introduction#rate-limits.
FAILURE: 2025/07/06 14:25:57 Address: 0xB88EFF9dbC38082437f54181daB6b1cBabe5f917 | Error: PoolTypeChecker contract call failed: You've exceeded the RPS limit available on the current plan. Learn more how to increase the limit, visit https://docs.chainstack.com/docs/pricing-introduction#rate-limits.
FAILURE: 2025/07/06 14:25:57 Address: 0x4550dE4Ba938b00c1797c390E1aDFfa6B3D6AF9B | Error: PoolTypeChecker contract call failed: You've exceeded the RPS limit available on the current plan. Learn more how to increase the limit, visit https://docs.chainstack.com/docs/pricing-introduction#rate-limits.
FAILURE: 2025/07/06 14:25:57 Address: 0x1997aA4c8E6b5958706caB56848e3D3132ade8F4 | Error: PoolTypeChecker contract call failed: You've exceeded the RPS limit available on the current plan. Learn more how to increase the limit, visit https://docs.chainstack.com/docs/pricing-introduction#rate-limits.
FAILURE: 2025/07/06 14:25:57 Address: 0xB357d1747b9d61785EC472b2d3D2A96F25118D89 | Error: PoolTypeChecker contract call failed: You've exceeded the RPS limit available on the current plan. Learn more how to increase the limit, visit https://docs.chainstack.com/docs/pricing-introduction#rate-limits.
FAILURE: 2025/07/06 14:25:57 Address: 0x9Db061761927c10019D7e1ADA3a0C5BC0905Ca50 | Error: PoolTypeChecker contract call failed: You've exceeded the RPS limit available on the current plan. Learn more how to increase the limit, visit https://docs.chainstack.com/docs/pricing-introduction#rate-limits.
FAILURE: 2025/07/06 14:25:57 Address: 0x9898D008fdf406e9E989Db722ce9D50b5DE7300f | Error: PoolTypeChecker contract call failed: You've exceeded the RPS limit available on the current plan. Learn more how to increase the limit, visit https://docs.chainstack.com/docs/pricing-introduction#rate-limits.
FAILURE: 2025/07/06 14:25:57 Address: 0x45D76E58551466e6A91cF7939D10B914391022BE | Error: PoolTypeChecker contract call failed: You've exceeded the RPS limit available on the current plan. Learn more how to increase the limit, visit https://docs.chainstack.com/docs/pricing-introduction#rate-limits.
FAILURE: 2025/07/06 14:25:57 Address: 0x3D69566448e2FbB8bfa6844FC4ce59cC35b1515F | Error: PoolTypeChecker contract call failed: You've exceeded the RPS limit available on the current plan. Learn more how to increase the limit, visit https://docs.chainstack.com/docs/pricing-introduction#rate-limits.
FAILURE: 2025/07/06 14:25:57 Address: 0x3fC270008E30264baa16730b58a1a8231d87Fdfa | Error: PoolTypeChecker contract call failed: You've exceeded the RPS limit available on the current plan. Learn more how to increase the limit, visit https://docs.chainstack.com/docs/pricing-introduction#rate-limits.
FAILURE: 2025/07/06 14:25:57 Address: 0x3fbd66399557677A1a0CBee7901e8E9ec84Bf027 | Error: PoolTypeChecker contract call failed: You've exceeded the RPS limit available on the current plan. Learn more how to increase the limit, visit https://docs.chainstack.com/docs/pricing-introduction#rate-limits.
FAILURE: 2025/07/06 14:30:58 Address: 0xF782cd5748BfC21d30b03174BB3E30FDd111a897 | Error: data fetching failed for identified pool type 2: multicall failed: 429 Too Many Requests: {"jsonrpc":"2.0","error":{"code":429,"message":"Public RPC Rate Limit Hit, limit will reset in 60 seconds"}}
FAILURE: 2025/07/06 14:31:01 Address: 0xfC515A50946aC6f1FE043F2600312869bb418D4F | Error: data fetching failed for identified pool type 1: multicall failed: 429 Too Many Requests: {"jsonrpc":"2.0","error":{"code":429,"message":"Public RPC Rate Limit Hit, limit will reset in 60 seconds"}}
FAILURE: 2025/07/06 14:31:36 Address: 0xf114fA468113a75046ce75dBC64cdDD02F7ff76C | Error: data fetching failed for identified pool type 4: multicall failed: 429 Too Many Requests: {"jsonrpc":"2.0","error":{"code":429,"message":"Too Many Requests"}}

FAILURE: 2025/07/06 14:31:36 Address: 0xD53Dc593989A9775D9Abc15ebf72851A86aFe91d | Error: data fetching failed for identified pool type 4: multicall failed: 429 Too Many Requests: {"jsonrpc":"2.0","error":{"code":429,"message":"Too Many Requests"}}

FAILURE: 2025/07/06 14:31:36 Address: 0x8EC18E07dBE5E4C4FEA95E187F1Eb33b0FD3Ec18 | Error: data fetching failed for identified pool type 1: multicall network error: multicall failed: 429 Too Many Requests: {"jsonrpc":"2.0","error":{"code":429,"message":"Too Many Requests"}}

FAILURE: 2025/07/06 14:31:39 Address: 0x3d45Cd65b1Eccf01b2a357B1ebD757cdd8AB16DC | Error: data fetching failed for identified pool type 1: multicall failed: 429 Too Many Requests: {"jsonrpc":"2.0","error":{"code":429,"message":"Public RPC Rate Limit Hit, limit will reset in 60 seconds"}}
FAILURE: 2025/07/06 14:31:40 Address: 0xE32efFf8F8B5FDc53803405aA3F623F03f8A8767 | Error: data fetching failed for identified pool type 2: multicall failed: 429 Too Many Requests: {"jsonrpc":"2.0","error":{"code":429,"message":"Public RPC Rate Limit Hit, limit will reset in 60 seconds"}}
FAILURE: 2025/07/06 14:31:53 Address: 0xBa06c51c44E087131249665e31719645641e5268 | Error: data fetching failed for identified pool type 1: multicall failed: 429 Too Many Requests: {"jsonrpc":"2.0","error":{"code":429,"message":"Public RPC Rate Limit Hit, limit will reset in 60 seconds"}}
FAILURE: 2025/07/06 14:32:04 Address: 0xF6416E1eD89A3abcA179F971B30555eb2234f30C | Error: data fetching failed for identified pool type 2: multicall failed: 429 Too Many Requests: {"jsonrpc":"2.0","error":{"code":429,"message":"Public RPC Rate Limit Hit, limit will reset in 60 seconds"}}
FAILURE: 2025/07/06 14:32:29 Address: 0x1004c4C87eF0545D36B01328A66cEc3dFf5Dc2C3 | Error: data fetching failed for identified pool type 1: multicall failed: 429 Too Many Requests: {"jsonrpc":"2.0","error":{"code":429,"message":"Public RPC Rate Limit Hit, limit will reset in 60 seconds"}}
FAILURE: 2025/07/06 14:32:29 Address: 0x85C00158F007240c35862492f23c83015FBcf996 | Error: data fetching failed for identified pool type 1: multicall failed: 429 Too Many Requests: {"jsonrpc":"2.0","error":{"code":429,"message":"Public RPC Rate Limit Hit, limit will reset in 60 seconds"}}
FAILURE: 2025/07/06 14:32:49 Address: 0x75fa3Be54d5B3571ed19F3eeace61fA1566eF948 | Error: data fetching failed for identified pool type 1: multicall failed: 429 Too Many Requests: {"jsonrpc":"2.0","error":{"code":429,"message":"Too Many Requests"}}

FAILURE: 2025/07/06 14:33:52 Address: 0x5bAF59a6e6dF0EE95BCe8C43dAA05B288E340E7D | Error: data fetching failed for identified pool type 2: multicall failed: 429 Too Many Requests: {"jsonrpc":"2.0","error":{"code":429,"message":"Public RPC Rate Limit Hit, limit will reset in 60 seconds"}}
FAILURE: 2025/07/06 14:35:49 Address: 0x43e7254962B78edf387106d3Ac0af05C87aB2651 | Error: data fetching failed for identified pool type 1: multicall failed: 429 Too Many Requests: {"jsonrpc":"2.0","error":{"code":429,"message":"Public RPC Rate Limit Hit, limit will reset in 60 seconds"}}
FAILURE: 2025/07/06 14:36:32 Address: 0xBA0a076c18AeB8BCBE31103EcE5af75cCdfBCA19 | Error: data fetching failed for identified pool type 2: multicall failed: 429 Too Many Requests: {"jsonrpc":"2.0","error":{"code":429,"message":"Public RPC Rate Limit Hit, limit will reset in 60 seconds"}}
FAILURE: 2025/07/06 14:42:46 Address: 0x6de5072c06cbf37dA96ccc0Fc85c85ca82Fe9d13 | Error: data fetching failed for identified pool type 2: multicall failed: 429 Too Many Requests: {"jsonrpc":"2.0","error":{"code":429,"message":"Public RPC Rate Limit Hit, limit will reset in 60 seconds"}}
FAILURE: 2025/07/06 14:43:00 Address: 0xF6DAb6B63398E3532d492604b90f11A684c4427b | Error: data fetching failed for identified pool type 4: multicall failed: 429 Too Many Requests: {"jsonrpc":"2.0","error":{"code":429,"message":"Public RPC Rate Limit Hit, limit will reset in 60 seconds"}}
FAILURE: 2025/07/06 14:46:56 Address: 0xb805414F21A0B833552644fEb8226a7237Ef29F1 | Error: data fetching failed for identified pool type 1: multicall failed: 429 Too Many Requests: {"jsonrpc":"2.0","error":{"code":429,"message":"Public RPC Rate Limit Hit, limit will reset in 60 seconds"}}
FAILURE: 2025/07/06 14:47:56 Address: 0xB50A1f651A5ACb2679c8f679D782c728f3702E53 | Error: data fetching failed for identified pool type 2: multicall failed: 429 Too Many Requests: {"jsonrpc":"2.0","error":{"code":429,"message":"Public RPC Rate Limit Hit, limit will reset in 60 seconds"}}
FAILURE: 2025/07/06 14:50:46 Address: 0x68C685Fd52A56f04665b491D491355a624540e85 | Error: data fetching failed for identified pool type 2: multicall failed: 429 Too Many Requests: {"jsonrpc":"2.0","error":{"code":429,"message":"Public RPC Rate Limit Hit, limit will reset in 60 seconds"}}
FAILURE: 2025/07/06 14:55:35 Address: 0x98E4104DE09F4dA0529a6760Ada3f310fE7eebA6 | Error: data fetching failed for identified pool type 2: multicall failed: 429 Too Many Requests: {"jsonrpc":"2.0","error":{"code":429,"message":"Public RPC Rate Limit Hit, limit will reset in 60 seconds"}}
FAILURE: 2025/07/06 15:00:32 Address: 0xe77A95F636a77CB20431FD3278B06ed37f55FA0f | Error: data fetching failed for identified pool type 1: multicall failed: 429 Too Many Requests: {"jsonrpc":"2.0","error":{"code":429,"message":"Public RPC Rate Limit Hit, limit will reset in 60 seconds"}}
FAILURE: 2025/07/06 15:05:50 Address: 0xA456D457252149B24eaf7D604738C2c52EBDA69E | Error: data fetching failed for identified pool type 2: multicall failed: 429 Too Many Requests: {"jsonrpc":"2.0","error":{"code":429,"message":"Public RPC Rate Limit Hit, limit will reset in 60 seconds"}}
FAILURE: 2025/07/06 15:05:58 Address: 0xD8D4314f8755259F78cCc2A8902fd92FbBA54877 | Error: data fetching failed for identified pool type 2: multicall failed: 429 Too Many Requests: {"jsonrpc":"2.0","error":{"code":429,"message":"Public RPC Rate Limit Hit, limit will reset in 60 seconds"}}
FAILURE: 2025/07/06 15:06:10 Address: 0xcAc980989a16c7374931c73c22f6Da7FEAd8446a | Error: data fetching failed for identified pool type 2: multicall failed: 429 Too Many Requests: {"jsonrpc":"2.0","error":{"code":429,"message":"Public RPC Rate Limit Hit, limit will reset in 60 seconds"}}
FAILURE: 2025/07/06 15:06:26 Address: 0x0b9903ae003d607B1044D64905378de29b0F98C1 | Error: data fetching failed for identified pool type 2: multicall failed: 429 Too Many Requests: {"jsonrpc":"2.0","error":{"code":429,"message":"Public RPC Rate Limit Hit, limit will reset in 60 seconds"}}
FAILURE: 2025/07/06 15:25:46 Address: 0xc35AA1cEc34E02A8acc3E5f79c22BE364823094c | Error: data fetching failed for identified pool type 4: multicall failed: 429 Too Many Requests: {"jsonrpc":"2.0","error":{"code":429,"message":"Public RPC Rate Limit Hit, limit will reset in 60 seconds"}}
FAILURE: 2025/07/06 15:41:41 Address: 0x1E6CF46c51cEe35A79Eb276Acb82DF8ccD679612 | Error: data fetching failed for identified pool type 2: multicall failed: 429 Too Many Requests: {"jsonrpc":"2.0","error":{"code":429,"message":"Too Many Requests"}}

FAILURE: 2025/07/06 15:50:11 Address: 0x9d85Bb4E094affF28e952f92b6A3493c919C6BEe | Error: data fetching failed for identified pool type 2: multicall failed: 429 Too Many Requests: {"jsonrpc":"2.0","error":{"code":429,"message":"Public RPC Rate Limit Hit, limit will reset in 60 seconds"}}
FAILURE: 2025/07/06 15:55:17 Address: 0x264e2900FdB1F2e28b7A35346aCC650b3d235226 | Error: data fetching failed for identified pool type 1: multicall failed: 429 Too Many Requests: {"jsonrpc":"2.0","error":{"code":429,"message":"Public RPC Rate Limit Hit, limit will reset in 60 seconds"}}
FAILURE: 2025/07/06 17:44:03 Address: 0x755F72D7F22eFaeD6E00E589a8C7bD95A666fEF0 | Error: data fetching failed for identified pool type 1: multicall failed: 429 Too Many Requests: {"jsonrpc":"2.0","error":{"code":429,"message":"Too Many Requests"}}

FAILURE: 2025/07/06 17:44:03 Address: 0x4E635D35bB02576d0eAb75eF5E7EBE61C12F3C76 | Error: data fetching failed for identified pool type 4: multicall failed: 429 Too Many Requests: {"jsonrpc":"2.0","error":{"code":429,"message":"Too Many Requests"}}

FAILURE: 2025/07/06 17:52:53 Address: 0x9B54f14bcE51728b888859f0FEA8980d7d4A152B | Error: data fetching failed for identified pool type 1: multicall failed: 429 Too Many Requests: {"jsonrpc":"2.0","error":{"code":429,"message":"Public RPC Rate Limit Hit, limit will reset in 60 seconds"}}
FAILURE: 2025/07/06 18:05:48 Address: 0x7Bc27907aC638dBCeb74b1fb02FC154dA3E15334 | Error: data fetching failed for identified pool type 1: multicall failed: 429 Too Many Requests: {"jsonrpc":"2.0","error":{"code":429,"message":"Too Many Requests"}}

FAILURE: 2025/07/06 18:05:48 Address: 0xB45A382E6c50c71376fC54F902Eb6C4C57436b68 | Error: data fetching failed for identified pool type 1: multicall failed: 429 Too Many Requests: {"jsonrpc":"2.0","error":{"code":429,"message":"Too Many Requests"}}

FAILURE: 2025/07/06 18:06:06 Address: 0x32a08B9A178Ab98398697E240F450e3fa99208C9 | Error: data fetching failed for identified pool type 2: multicall failed: 429 Too Many Requests: {"jsonrpc":"2.0","error":{"code":429,"message":"Public RPC Rate Limit Hit, limit will reset in 60 seconds"}}
FAILURE: 2025/07/06 18:06:13 Address: 0xe4Bc493CaA8883f21F2311ad2bBeEd8c38678a80 | Error: data fetching failed for identified pool type 2: multicall failed: 429 Too Many Requests: {"jsonrpc":"2.0","error":{"code":429,"message":"Public RPC Rate Limit Hit, limit will reset in 60 seconds"}}
FAILURE: 2025/07/06 18:23:43 Address: 0x27807dD7ADF218e1f4d885d54eD51C70eFb9dE50 | Error: data fetching failed for identified pool type 2: multicall failed: 429 Too Many Requests: {"jsonrpc":"2.0","error":{"code":429,"message":"Public RPC Rate Limit Hit, limit will reset in 60 seconds"}}
FAILURE: 2025/07/06 18:23:44 Address: 0x3e93E4b407B3f11a48A9065476E88C9f642c9288 | Error: data fetching failed for identified pool type 1: multicall failed: 429 Too Many Requests: {"jsonrpc":"2.0","error":{"code":429,"message":"Public RPC Rate Limit Hit, limit will reset in 60 seconds"}}
FAILURE: 2025/07/06 18:23:48 Address: 0x9A17D97Fb5f76F44604270448Ac77D55Ac40C15c | Error: data fetching failed for identified pool type 1: multicall failed: 429 Too Many Requests: {"jsonrpc":"2.0","error":{"code":429,"message":"Public RPC Rate Limit Hit, limit will reset in 60 seconds"}}
FAILURE: 2025/07/06 18:24:39 Address: 0x727Bf942612adEa70167DceaF618AC38d37421E1 | Error: data fetching failed for identified pool type 1: multicall failed: 429 Too Many Requests: {"jsonrpc":"2.0","error":{"code":429,"message":"Public RPC Rate Limit Hit, limit will reset in 60 seconds"}}
FAILURE: 2025/07/06 18:27:53 Address: 0x101Ec5d2F85DF15df968CAEA715967F3Ab098d5E | Error: data fetching failed for identified pool type 1: multicall failed: 429 Too Many Requests: {"jsonrpc":"2.0","error":{"code":429,"message":"Public RPC Rate Limit Hit, limit will reset in 60 seconds"}}
FAILURE: 2025/07/06 18:28:16 Address: 0x8971dFb268B961a9270632f28B24F2f637c94244 | Error: data fetching failed for identified pool type 1: multicall failed: 429 Too Many Requests: {"jsonrpc":"2.0","error":{"code":429,"message":"Public RPC Rate Limit Hit, limit will reset in 60 seconds"}}
FAILURE: 2025/07/06 18:28:16 Address: 0x41aaB17A2c529bD4eF93914526876D005683cBD1 | Error: data fetching failed for identified pool type 2: multicall failed: 429 Too Many Requests: {"jsonrpc":"2.0","error":{"code":429,"message":"Public RPC Rate Limit Hit, limit will reset in 60 seconds"}}
FAILURE: 2025/07/06 18:35:02 Address: 0xdb3D8a8eB6a3546160C60d907DDf60057a07b1fF | Error: data fetching failed for identified pool type 2: multicall failed: 429 Too Many Requests: {"jsonrpc":"2.0","error":{"code":429,"message":"Public RPC Rate Limit Hit, limit will reset in 60 seconds"}}
FAILURE: 2025/07/06 18:35:03 Address: 0x8f0e6d286CeE76F8866DFb2595D1c103Fd7B13D8 | Error: data fetching failed for identified pool type 2: multicall failed: 429 Too Many Requests: {"jsonrpc":"2.0","error":{"code":429,"message":"Public RPC Rate Limit Hit, limit will reset in 60 seconds"}}
FAILURE: 2025/07/06 18:35:24 Address: 0x8039Cd846Fd1f1Fe3f560BDbeA5f799e499F7873 | Error: data fetching failed for identified pool type 4: multicall failed: 429 Too Many Requests: {"jsonrpc":"2.0","error":{"code":429,"message":"Public RPC Rate Limit Hit, limit will reset in 60 seconds"}}
FAILURE: 2025/07/06 18:35:58 Address: 0xa22dDa78D41844054B13d375a9E4132ebfa4C960 | Error: data fetching failed for identified pool type 1: multicall failed: 429 Too Many Requests: {"jsonrpc":"2.0","error":{"code":429,"message":"Too Many Requests"}}

FAILURE: 2025/07/06 18:35:58 Address: 0xf7C6FFA90E8f240481234fb3fe9E8F60df74ED87 | Error: data fetching failed for identified pool type 1: multicall failed: 429 Too Many Requests: {"jsonrpc":"2.0","error":{"code":429,"message":"Too Many Requests"}}

FAILURE: 2025/07/06 18:43:34 Address: 0xBa06c51c44E087131249665e31719645641e5268 | Error: data fetching failed for identified pool type 1: multicall failed: 429 Too Many Requests: {"jsonrpc":"2.0","error":{"code":429,"message":"Public RPC Rate Limit Hit, limit will reset in 60 seconds"}}
FAILURE: 2025/07/06 18:43:34 Address: 0x8EC18E07dBE5E4C4FEA95E187F1Eb33b0FD3Ec18 | Error: data fetching failed for identified pool type 1: multicall failed: 429 Too Many Requests: {"jsonrpc":"2.0","error":{"code":429,"message":"Public RPC Rate Limit Hit, limit will reset in 60 seconds"}}
FAILURE: 2025/07/06 18:43:37 Address: 0x755F72D7F22eFaeD6E00E589a8C7bD95A666fEF0 | Error: data fetching failed for identified pool type 1: multicall failed: 429 Too Many Requests: {"jsonrpc":"2.0","error":{"code":429,"message":"Public RPC Rate Limit Hit, limit will reset in 60 seconds"}}
FAILURE: 2025/07/06 18:43:41 Address: 0x101Ec5d2F85DF15df968CAEA715967F3Ab098d5E | Error: data fetching failed for identified pool type 1: multicall failed: 429 Too Many Requests: {"jsonrpc":"2.0","error":{"code":429,"message":"Public RPC Rate Limit Hit, limit will reset in 60 seconds"}}
FAILURE: 2025/07/06 18:44:27 Address: 0xD177F2e74813C86300CBEB76aaB4bb4E97E113C4 | Error: data fetching failed for identified pool type 2: multicall failed: 429 Too Many Requests: {"jsonrpc":"2.0","error":{"code":429,"message":"Public RPC Rate Limit Hit, limit will reset in 60 seconds"}}
FAILURE: 2025/07/06 18:46:20 Address: 0x1698837611EEE2118DBe874eE84f3fA52eA49a52 | Error: data fetching failed for identified pool type 2: multicall failed: 429 Too Many Requests: {"jsonrpc":"2.0","error":{"code":429,"message":"Public RPC Rate Limit Hit, limit will reset in 60 seconds"}}
FAILURE: 2025/07/06 18:46:20 Address: 0x16E46033395867abD451115bfcf98281Bf99aFE3 | Error: data fetching failed for identified pool type 1: multicall failed: 429 Too Many Requests: {"jsonrpc":"2.0","error":{"code":429,"message":"Public RPC Rate Limit Hit, limit will reset in 60 seconds"}}
FAILURE: 2025/07/06 18:46:20 Address: 0xa2886a1818dD25f40C8deB10CA29e96eDCF6375c | Error: data fetching failed for identified pool type 1: multicall failed: 429 Too Many Requests: {"jsonrpc":"2.0","error":{"code":429,"message":"Public RPC Rate Limit Hit, limit will reset in 60 seconds"}}
FAILURE: 2025/07/06 18:48:37 Address: 0x3e93E4b407B3f11a48A9065476E88C9f642c9288 | Error: data fetching failed for identified pool type 1: multicall failed: 429 Too Many Requests: {"jsonrpc":"2.0","error":{"code":429,"message":"Too Many Requests"}}

FAILURE: 2025/07/06 18:48:49 Address: 0xFB9D851051dAe222709671070C75ae0465139AA1 | Error: data fetching failed for identified pool type 1: multicall failed: 429 Too Many Requests: {"jsonrpc":"2.0","error":{"code":429,"message":"Public RPC Rate Limit Hit, limit will reset in 60 seconds"}}
FAILURE: 2025/07/06 18:48:50 Address: 0x9A17D97Fb5f76F44604270448Ac77D55Ac40C15c | Error: data fetching failed for identified pool type 1: multicall failed: 429 Too Many Requests: {"jsonrpc":"2.0","error":{"code":429,"message":"Public RPC Rate Limit Hit, limit will reset in 60 seconds"}}
FAILURE: 2025/07/06 18:49:01 Address: 0xc7349Af293747DdF3336A05e16355E6A10E35b7E | Error: data fetching failed for identified pool type 4: multicall failed: 429 Too Many Requests: {"jsonrpc":"2.0","error":{"code":429,"message":"Public RPC Rate Limit Hit, limit will reset in 60 seconds"}}
FAILURE: 2025/07/06 18:49:06 Address: 0x753d81a2d6C61Dd7C3510729c9df310659f9003b | Error: data fetching failed for identified pool type 2: multicall failed: 429 Too Many Requests: {"jsonrpc":"2.0","error":{"code":429,"message":"Public RPC Rate Limit Hit, limit will reset in 60 seconds"}}
FAILURE: 2025/07/06 18:49:14 Address: 0xA62aD78825E3a55A77823F00Fe0050F567c1e4EE | Error: data fetching failed for identified pool type 2: multicall failed: 429 Too Many Requests: {"jsonrpc":"2.0","error":{"code":429,"message":"Public RPC Rate Limit Hit, limit will reset in 60 seconds"}}
FAILURE: 2025/07/06 18:49:37 Address: 0x050dE6e6bB2C2E20CFDabd1F2a01176641FddC84 | Error: data fetching failed for identified pool type 2: multicall failed: 429 Too Many Requests: {"jsonrpc":"2.0","error":{"code":429,"message":"Public RPC Rate Limit Hit, limit will reset in 60 seconds"}}
FAILURE: 2025/07/06 18:51:21 Address: 0xc3eaAFd0fA86c23d1010775f6dFC6B23877615B2 | Error: data fetching failed for identified pool type 1: multicall failed: 429 Too Many Requests: {"jsonrpc":"2.0","error":{"code":429,"message":"Public RPC Rate Limit Hit, limit will reset in 60 seconds"}}
FAILURE: 2025/07/06 18:51:57 Address: 0x42d7C8302a746F98Ec74F0DbC95fC39B46C1abb6 | Error: data fetching failed for identified pool type 2: multicall failed: 429 Too Many Requests: {"jsonrpc":"2.0","error":{"code":429,"message":"Public RPC Rate Limit Hit, limit will reset in 60 seconds"}}
FAILURE: 2025/07/06 19:05:04 Address: 0x088F6dCDe862781db7b01fEB67afd265aBbC6d90 | Error: data fetching failed for identified pool type 1: multicall failed: 429 Too Many Requests: {"jsonrpc":"2.0","error":{"code":429,"message":"Public RPC Rate Limit Hit, limit will reset in 60 seconds"}}
FAILURE: 2025/07/06 19:21:51 Address: 0x1A30F6C99FE9F9E1607fdA54e1C76DC03000F9d8 | Error: data fetching failed for identified pool type 2: multicall failed: 429 Too Many Requests: {"jsonrpc":"2.0","error":{"code":429,"message":"Too Many Requests"}}

FAILURE: 2025/07/06 19:22:32 Address: 0x67Ac5588BbfbcF0FFe2e24608D9b4e7102345835 | Error: data fetching failed for identified pool type 2: multicall failed: 429 Too Many Requests: {"jsonrpc":"2.0","error":{"code":429,"message":"Public RPC Rate Limit Hit, limit will reset in 60 seconds"}}
FAILURE: 2025/07/06 19:34:03 Address: 0x91E13d076aCb6BaaD2df435Dd0e10AdF1b19c8D6 | Error: data fetching failed for identified pool type 1: multicall failed: 429 Too Many Requests: {"jsonrpc":"2.0","error":{"code":429,"message":"Public RPC Rate Limit Hit, limit will reset in 60 seconds"}}
FAILURE: 2025/07/06 19:38:48 Address: 0xCC4E4c18bAd7E1cC63Bb98915eEb3f412939955E | Error: data fetching failed for identified pool type 4: multicall failed: 429 Too Many Requests: {"jsonrpc":"2.0","error":{"code":429,"message":"Too Many Requests"}}

FAILURE: 2025/07/06 19:39:21 Address: 0x37Af2c75A71f90e4E289a5eE56C13111bf4ddFf4 | Error: data fetching failed for identified pool type 2: multicall failed: 429 Too Many Requests: {"jsonrpc":"2.0","error":{"code":429,"message":"Public RPC Rate Limit Hit, limit will reset in 60 seconds"}}
FAILURE: 2025/07/06 19:44:17 Address: 0x6409bD4e9Fe975dc7E31200380FE9de00aa35eC7 | Error: data fetching failed for identified pool type 2: multicall failed: 429 Too Many Requests: {"jsonrpc":"2.0","error":{"code":429,"message":"Public RPC Rate Limit Hit, limit will reset in 60 seconds"}}
FAILURE: 2025/07/06 19:44:47 Address: 0x1d8E05d99216E7636cD67e3f9eBBd8BB96A1788e | Error: data fetching failed for identified pool type 1: multicall failed: 429 Too Many Requests: {"jsonrpc":"2.0","error":{"code":429,"message":"Public RPC Rate Limit Hit, limit will reset in 60 seconds"}}
FAILURE: 2025/07/06 20:04:17 Address: 0xDeECdA93a30214Fc689683E37f632A96176aAC99 | Error: data fetching failed for identified pool type 1: multicall failed: 429 Too Many Requests: {"jsonrpc":"2.0","error":{"code":429,"message":"Too Many Requests"}}

FAILURE: 2025/07/06 20:06:09 Address: 0x82491d591c8915d21b411bCd679C6eD4c2702C2c | Error: data fetching failed for identified pool type 2: multicall network error: multicall failed: 429 Too Many Requests: {"jsonrpc":"2.0","error":{"code":429,"message":"Too Many Requests"}}

FAILURE: 2025/07/06 21:22:38 Address: 0x3e93E4b407B3f11a48A9065476E88C9f642c9288 | Error: data fetching failed for identified pool type 1: multicall network error: failed to unpack call outputs at index [0]: failed to unpack 'getReserves' outputs: abi: cannot marshal in to go type: length insufficient 64 require 96
FAILURE: 2025/07/06 21:30:55 Address: 0x0cF270A78B14aDfF2489535813EfF653A7C15036 | Error: data fetching failed for identified pool type 1: multicall network error: failed to unpack call outputs at index [0]: failed to unpack 'getReserves' outputs: abi: cannot marshal in to go type: length insufficient 64 require 96
FAILURE: 2025/07/06 21:52:41 Address: 0xb71DBA49efeB2C87F4D4691f247d1EbF559e0eEe | Error: data fetching failed for identified pool type 1: multicall network error: failed to unpack call outputs at index [0]: failed to unpack 'getReserves' outputs: abi: cannot marshal in to go type: length insufficient 64 require 96
FAILURE: 2025/07/06 21:52:41 Address: 0xcA9F98e374C0281A0BA89a11dD188c159511F71a | Error: data fetching failed for identified pool type 1: multicall network error: failed to unpack call outputs at index [0]: failed to unpack 'getReserves' outputs: abi: cannot marshal in to go type: length insufficient 64 require 96
